Archive member included to satisfy reference by file (symbol)

c:/st/stm32cubeide_1.0.2/stm32cubeide/plugins/com.st.stm32cube.ide.mcu.externaltools.gnu-tools-for-stm32.7-2018-q2-update.win32_1.0.0.201904181610/tools/bin/../lib/gcc/arm-none-eabi/7.3.1/../../../../arm-none-eabi/lib/thumb/v7e-m/fpv4-sp/hard\libc_nano.a(lib_a-errno.o)
                              Core/Src/syscalls.o (__errno)
c:/st/stm32cubeide_1.0.2/stm32cubeide/plugins/com.st.stm32cube.ide.mcu.externaltools.gnu-tools-for-stm32.7-2018-q2-update.win32_1.0.0.201904181610/tools/bin/../lib/gcc/arm-none-eabi/7.3.1/../../../../arm-none-eabi/lib/thumb/v7e-m/fpv4-sp/hard\libc_nano.a(lib_a-exit.o)
                              c:/st/stm32cubeide_1.0.2/stm32cubeide/plugins/com.st.stm32cube.ide.mcu.externaltools.gnu-tools-for-stm32.7-2018-q2-update.win32_1.0.0.201904181610/tools/bin/../lib/gcc/arm-none-eabi/7.3.1/../../../../arm-none-eabi/lib/thumb/v7e-m/fpv4-sp/hard/crt0.o (exit)
c:/st/stm32cubeide_1.0.2/stm32cubeide/plugins/com.st.stm32cube.ide.mcu.externaltools.gnu-tools-for-stm32.7-2018-q2-update.win32_1.0.0.201904181610/tools/bin/../lib/gcc/arm-none-eabi/7.3.1/../../../../arm-none-eabi/lib/thumb/v7e-m/fpv4-sp/hard\libc_nano.a(lib_a-impure.o)
                              c:/st/stm32cubeide_1.0.2/stm32cubeide/plugins/com.st.stm32cube.ide.mcu.externaltools.gnu-tools-for-stm32.7-2018-q2-update.win32_1.0.0.201904181610/tools/bin/../lib/gcc/arm-none-eabi/7.3.1/../../../../arm-none-eabi/lib/thumb/v7e-m/fpv4-sp/hard\libc_nano.a(lib_a-exit.o) (_global_impure_ptr)
c:/st/stm32cubeide_1.0.2/stm32cubeide/plugins/com.st.stm32cube.ide.mcu.externaltools.gnu-tools-for-stm32.7-2018-q2-update.win32_1.0.0.201904181610/tools/bin/../lib/gcc/arm-none-eabi/7.3.1/../../../../arm-none-eabi/lib/thumb/v7e-m/fpv4-sp/hard\libc_nano.a(lib_a-init.o)
                              c:/st/stm32cubeide_1.0.2/stm32cubeide/plugins/com.st.stm32cube.ide.mcu.externaltools.gnu-tools-for-stm32.7-2018-q2-update.win32_1.0.0.201904181610/tools/bin/../lib/gcc/arm-none-eabi/7.3.1/../../../../arm-none-eabi/lib/thumb/v7e-m/fpv4-sp/hard/crt0.o (__libc_init_array)
c:/st/stm32cubeide_1.0.2/stm32cubeide/plugins/com.st.stm32cube.ide.mcu.externaltools.gnu-tools-for-stm32.7-2018-q2-update.win32_1.0.0.201904181610/tools/bin/../lib/gcc/arm-none-eabi/7.3.1/../../../../arm-none-eabi/lib/thumb/v7e-m/fpv4-sp/hard\libc_nano.a(lib_a-memcpy-stub.o)
                              Core/Src/main.o (memcpy)
c:/st/stm32cubeide_1.0.2/stm32cubeide/plugins/com.st.stm32cube.ide.mcu.externaltools.gnu-tools-for-stm32.7-2018-q2-update.win32_1.0.0.201904181610/tools/bin/../lib/gcc/arm-none-eabi/7.3.1/../../../../arm-none-eabi/lib/thumb/v7e-m/fpv4-sp/hard\libc_nano.a(lib_a-memset.o)
                              c:/st/stm32cubeide_1.0.2/stm32cubeide/plugins/com.st.stm32cube.ide.mcu.externaltools.gnu-tools-for-stm32.7-2018-q2-update.win32_1.0.0.201904181610/tools/bin/../lib/gcc/arm-none-eabi/7.3.1/../../../../arm-none-eabi/lib/thumb/v7e-m/fpv4-sp/hard/crt0.o (memset)
c:/st/stm32cubeide_1.0.2/stm32cubeide/plugins/com.st.stm32cube.ide.mcu.externaltools.gnu-tools-for-stm32.7-2018-q2-update.win32_1.0.0.201904181610/tools/bin/../lib/gcc/arm-none-eabi/7.3.1/../../../../arm-none-eabi/lib/thumb/v7e-m/fpv4-sp/hard\libc_nano.a(lib_a-strlen.o)
                              Core/Src/myFonts.o (strlen)
c:/st/stm32cubeide_1.0.2/stm32cubeide/plugins/com.st.stm32cube.ide.mcu.externaltools.gnu-tools-for-stm32.7-2018-q2-update.win32_1.0.0.201904181610/tools/bin/../lib/gcc/arm-none-eabi/7.3.1/../../../../arm-none-eabi/lib/thumb/v7e-m/fpv4-sp/hard\libm.a(lib_a-s_tan.o)
                              Core/Src/myFilter.o (tan)
c:/st/stm32cubeide_1.0.2/stm32cubeide/plugins/com.st.stm32cube.ide.mcu.externaltools.gnu-tools-for-stm32.7-2018-q2-update.win32_1.0.0.201904181610/tools/bin/../lib/gcc/arm-none-eabi/7.3.1/../../../../arm-none-eabi/lib/thumb/v7e-m/fpv4-sp/hard\libm.a(lib_a-w_pow.o)
                              Core/Src/myFilter.o (pow)
c:/st/stm32cubeide_1.0.2/stm32cubeide/plugins/com.st.stm32cube.ide.mcu.externaltools.gnu-tools-for-stm32.7-2018-q2-update.win32_1.0.0.201904181610/tools/bin/../lib/gcc/arm-none-eabi/7.3.1/../../../../arm-none-eabi/lib/thumb/v7e-m/fpv4-sp/hard\libm.a(lib_a-w_sqrt.o)
                              Core/Src/myFilter.o (sqrt)
c:/st/stm32cubeide_1.0.2/stm32cubeide/plugins/com.st.stm32cube.ide.mcu.externaltools.gnu-tools-for-stm32.7-2018-q2-update.win32_1.0.0.201904181610/tools/bin/../lib/gcc/arm-none-eabi/7.3.1/../../../../arm-none-eabi/lib/thumb/v7e-m/fpv4-sp/hard\libm.a(lib_a-e_pow.o)
                              c:/st/stm32cubeide_1.0.2/stm32cubeide/plugins/com.st.stm32cube.ide.mcu.externaltools.gnu-tools-for-stm32.7-2018-q2-update.win32_1.0.0.201904181610/tools/bin/../lib/gcc/arm-none-eabi/7.3.1/../../../../arm-none-eabi/lib/thumb/v7e-m/fpv4-sp/hard\libm.a(lib_a-w_pow.o) (__ieee754_pow)
[...]
Memory Configuration

Name             Origin             Length             Attributes
CCMRAM           0x0000000010000000 0x0000000000010000 xrw
RAM              0x0000000020000000 0x0000000000020000 xrw
FLASH            0x0000000008000000 0x0000000000080000 xr
*default*        0x0000000000000000 0xffffffffffffffff

Linker script and memory map

LOAD c:/st/stm32cubeide_1.0.2/stm32cubeide/plugins/com.st.stm32cube.ide.mcu.externaltools.gnu-tools-for-stm32.7-2018-q2-update.win32_1.0.0.201904181610/tools/bin/../lib/gcc/arm-none-eabi/7.3.1/thumb/v7e-m/fpv4-sp/hard/crti.o
LOAD c:/st/stm32cubeide_1.0.2/stm32cubeide/plugins/com.st.stm32cube.ide.mcu.externaltools.gnu-tools-for-stm32.7-2018-q2-update.win32_1.0.0.201904181610/tools/bin/../lib/gcc/arm-none-eabi/7.3.1/thumb/v7e-m/fpv4-sp/hard/crtbegin.o
LOAD c:/st/stm32cubeide_1.0.2/stm32cubeide/plugins/com.st.stm32cube.ide.mcu.externaltools.gnu-tools-for-stm32.7-2018-q2-update.win32_1.0.0.201904181610/tools/bin/../lib/gcc/arm-none-eabi/7.3.1/../../../../arm-none-eabi/lib/thumb/v7e-m/fpv4-sp/hard/crt0.o
LOAD Core/Src/main.o
LOAD Core/Src/myConverter.o
LOAD Core/Src/myEEPROM.o
LOAD Core/Src/myFilter.o
LOAD Core/Src/myFonts.o
LOAD Core/Src/myIIR.o
LOAD Core/Src/myOled.o
LOAD Core/Src/mySwitch.o
LOAD Core/Src/stm32f4xx_hal_msp.o
LOAD Core/Src/stm32f4xx_it.o
LOAD Core/Src/syscalls.o
LOAD Core/Src/sysmem.o
LOAD Core/Src/system_stm32f4xx.o
LOAD Core/Startup/startup_stm32f407vetx.o
LOAD Drivers/STM32F4xx_HAL_Driver/Src/stm32f4xx_hal.o
LOAD Drivers/STM32F4xx_HAL_Driver/Src/stm32f4xx_hal_cortex.o
LOAD Drivers/STM32F4xx_HAL_Driver/Src/stm32f4xx_hal_dma.o
LOAD Drivers/STM32F4xx_HAL_Driver/Src/stm32f4xx_hal_dma_ex.o
LOAD Drivers/STM32F4xx_HAL_Driver/Src/stm32f4xx_hal_exti.o
LOAD Drivers/STM32F4xx_HAL_Driver/Src/stm32f4xx_hal_flash.o
LOAD Drivers/STM32F4xx_HAL_Driver/Src/stm32f4xx_hal_flash_ex.o
LOAD Drivers/STM32F4xx_HAL_Driver/Src/stm32f4xx_hal_flash_ramfunc.o
LOAD Drivers/STM32F4xx_HAL_Driver/Src/stm32f4xx_hal_gpio.o
LOAD Drivers/STM32F4xx_HAL_Driver/Src/stm32f4xx_hal_i2c.o
LOAD Drivers/STM32F4xx_HAL_Driver/Src/stm32f4xx_hal_i2c_ex.o
LOAD Drivers/STM32F4xx_HAL_Driver/Src/stm32f4xx_hal_i2s.o
LOAD Drivers/STM32F4xx_HAL_Driver/Src/stm32f4xx_hal_i2s_ex.o
LOAD Drivers/STM32F4xx_HAL_Driver/Src/stm32f4xx_hal_pwr.o
LOAD Drivers/STM32F4xx_HAL_Driver/Src/stm32f4xx_hal_pwr_ex.o
LOAD Drivers/STM32F4xx_HAL_Driver/Src/stm32f4xx_hal_rcc.o
LOAD Drivers/STM32F4xx_HAL_Driver/Src/stm32f4xx_hal_rcc_ex.o
LOAD Drivers/STM32F4xx_HAL_Driver/Src/stm32f4xx_hal_tim.o
LOAD Drivers/STM32F4xx_HAL_Driver/Src/stm32f4xx_hal_tim_ex.o
LOAD Drivers/STM32F4xx_HAL_Driver/Src/stm32f4xx_hal_uart.o
LOAD ../Libs\libarm_cortexM4lf_math.a
START GROUP
LOAD c:/st/stm32cubeide_1.0.2/stm32cubeide/plugins/com.st.stm32cube.ide.mcu.externaltools.gnu-tools-for-stm32.7-2018-q2-update.win32_1.0.0.201904181610/tools/bin/../lib/gcc/arm-none-eabi/7.3.1/../../../../arm-none-eabi/lib/thumb/v7e-m/fpv4-sp/hard\libc_nano.a
LOAD c:/st/stm32cubeide_1.0.2/stm32cubeide/plugins/com.st.stm32cube.ide.mcu.externaltools.gnu-tools-for-stm32.7-2018-q2-update.win32_1.0.0.201904181610/tools/bin/../lib/gcc/arm-none-eabi/7.3.1/../../../../arm-none-eabi/lib/thumb/v7e-m/fpv4-sp/hard\libm.a
END GROUP
START GROUP
LOAD c:/st/stm32cubeide_1.0.2/stm32cubeide/plugins/com.st.stm32cube.ide.mcu.externaltools.gnu-tools-for-stm32.7-2018-q2-update.win32_1.0.0.201904181610/tools/bin/../lib/gcc/arm-none-eabi/7.3.1/thumb/v7e-m/fpv4-sp/hard\libgcc.a
LOAD c:/st/stm32cubeide_1.0.2/stm32cubeide/plugins/com.st.stm32cube.ide.mcu.externaltools.gnu-tools-for-stm32.7-2018-q2-update.win32_1.0.0.201904181610/tools/bin/../lib/gcc/arm-none-eabi/7.3.1/../../../../arm-none-eabi/lib/thumb/v7e-m/fpv4-sp/hard\libc_nano.a
END GROUP
START GROUP
LOAD c:/st/stm32cubeide_1.0.2/stm32cubeide/plugins/com.st.stm32cube.ide.mcu.externaltools.gnu-tools-for-stm32.7-2018-q2-update.win32_1.0.0.201904181610/tools/bin/../lib/gcc/arm-none-eabi/7.3.1/thumb/v7e-m/fpv4-sp/hard\libgcc.a
LOAD c:/st/stm32cubeide_1.0.2/stm32cubeide/plugins/com.st.stm32cube.ide.mcu.externaltools.gnu-tools-for-stm32.7-2018-q2-update.win32_1.0.0.201904181610/tools/bin/../lib/gcc/arm-none-eabi/7.3.1/../../../../arm-none-eabi/lib/thumb/v7e-m/fpv4-sp/hard\libc_nano.a
LOAD c:/st/stm32cubeide_1.0.2/stm32cubeide/plugins/com.st.stm32cube.ide.mcu.externaltools.gnu-tools-for-stm32.7-2018-q2-update.win32_1.0.0.201904181610/tools/bin/../lib/gcc/arm-none-eabi/7.3.1/../../../../arm-none-eabi/lib/thumb/v7e-m/fpv4-sp/hard\libnosys.a
END GROUP
START GROUP
LOAD c:/st/stm32cubeide_1.0.2/stm32cubeide/plugins/com.st.stm32cube.ide.mcu.externaltools.gnu-tools-for-stm32.7-2018-q2-update.win32_1.0.0.201904181610/tools/bin/../lib/gcc/arm-none-eabi/7.3.1/thumb/v7e-m/fpv4-sp/hard\libgcc.a
LOAD c:/st/stm32cubeide_1.0.2/stm32cubeide/plugins/com.st.stm32cube.ide.mcu.externaltools.gnu-tools-for-stm32.7-2018-q2-update.win32_1.0.0.201904181610/tools/bin/../lib/gcc/arm-none-eabi/7.3.1/../../../../arm-none-eabi/lib/thumb/v7e-m/fpv4-sp/hard\libc_nano.a
LOAD c:/st/stm32cubeide_1.0.2/stm32cubeide/plugins/com.st.stm32cube.ide.mcu.externaltools.gnu-tools-for-stm32.7-2018-q2-update.win32_1.0.0.201904181610/tools/bin/../lib/gcc/arm-none-eabi/7.3.1/../../../../arm-none-eabi/lib/thumb/v7e-m/fpv4-sp/hard\libnosys.a
END GROUP
LOAD c:/st/stm32cubeide_1.0.2/stm32cubeide/plugins/com.st.stm32cube.ide.mcu.externaltools.gnu-tools-for-stm32.7-2018-q2-update.win32_1.0.0.201904181610/tools/bin/../lib/gcc/arm-none-eabi/7.3.1/thumb/v7e-m/fpv4-sp/hard/crtend.o
LOAD c:/st/stm32cubeide_1.0.2/stm32cubeide/plugins/com.st.stm32cube.ide.mcu.externaltools.gnu-tools-for-stm32.7-2018-q2-update.win32_1.0.0.201904181610/tools/bin/../lib/gcc/arm-none-eabi/7.3.1/thumb/v7e-m/fpv4-sp/hard/crtn.o
                0x0000000020020000                _estack = (ORIGIN (RAM) + LENGTH (RAM))
                0x0000000000000200                _Min_Heap_Size = 0x200
                0x0000000000000400                _Min_Stack_Size = 0x400

.isr_vector     0x0000000008000000      0x188
                0x0000000008000000                . = ALIGN (0x4)
 *(.isr_vector)
 .isr_vector    0x0000000008000000      0x188 Core/Startup/startup_stm32f407vetx.o
                0x0000000008000000                g_pfnVectors
                0x0000000008000188                . = ALIGN (0x4)

.text           0x0000000008000188     0xd864
                0x0000000008000188                . = ALIGN (0x4)
 *(.text)
 .text          0x0000000008000188       0x40 c:/st/stm32cubeide_1.0.2/stm32cubeide/plugins/com.st.stm32cube.ide.mcu.externaltools.gnu-tools-for-stm32.7-2018-q2-update.win32_1.0.0.201904181610/tools/bin/../lib/gcc/arm-none-eabi/7.3.1/thumb/v7e-m/fpv4-sp/hard/crtbegin.o
 .text          0x00000000080001c8      0x378 c:/st/stm32cubeide_1.0.2/stm32cubeide/plugins/com.st.stm32cube.ide.mcu.externaltools.gnu-tools-for-stm32.7-2018-q2-update.win32_1.0.0.201904181610/tools/bin/../lib/gcc/arm-none-eabi/7.3.1/thumb/v7e-m/fpv4-sp/hard\libgcc.a(_arm_addsubdf3.o)
                0x00000000080001c8                __aeabi_drsub
                0x00000000080001d0                __aeabi_dsub
                0x00000000080001d0                __subdf3
                0x00000000080001d4                __aeabi_dadd
                0x00000000080001d4                __adddf3
                0x000000000800044c                __floatunsidf
                0x000000000800044c                __aeabi_ui2d
                0x000000000800046c                __floatsidf
                0x000000000800046c                __aeabi_i2d
                0x0000000008000490                __aeabi_f2d
                0x0000000008000490                __extendsfdf2
                0x00000000080004d4                __floatundidf
                0x00000000080004d4                __aeabi_ul2d
                0x00000000080004e4                __floatdidf
                0x00000000080004e4                __aeabi_l2d
 .text          0x0000000008000540      0x424 c:/st/stm32cubeide_1.0.2/stm32cubeide/plugins/com.st.stm32cube.ide.mcu.externaltools.gnu-tools-for-stm32.7-2018-q2-update.win32_1.0.0.201904181610/tools/bin/../lib/gcc/arm-none-eabi/7.3.1/thumb/v7e-m/fpv4-sp/hard\libgcc.a(_arm_muldivdf3.o)
                0x0000000008000540                __aeabi_dmul
                0x0000000008000540                __muldf3
                0x0000000008000794                __divdf3
                0x0000000008000794                __aeabi_ddiv
 .text          0x0000000008000964      0x110 c:/st/stm32cubeide_1.0.2/stm32cubeide/plugins/com.st.stm32cube.ide.mcu.externaltools.gnu-tools-for-stm32.7-2018-q2-update.win32_1.0.0.201904181610/tools/bin/../lib/gcc/arm-none-eabi/7.3.1/thumb/v7e-m/fpv4-sp/hard\libgcc.a(_arm_cmpdf2.o)
                0x0000000008000964                __gtdf2
                0x0000000008000964                __gedf2
                0x000000000800096c                __ltdf2
                0x000000000800096c                __ledf2
                0x0000000008000974                __nedf2
                0x0000000008000974                __eqdf2
                0x0000000008000974                __cmpdf2
                0x00000000080009f0                __aeabi_cdrcmple
                0x0000000008000a00                __aeabi_cdcmpeq
                0x0000000008000a00                __aeabi_cdcmple
                0x0000000008000a10                __aeabi_dcmpeq
                0x0000000008000a24                __aeabi_dcmplt
                0x0000000008000a38                __aeabi_dcmple
                0x0000000008000a4c                __aeabi_dcmpge
                0x0000000008000a60                __aeabi_dcmpgt
 .text          0x0000000008000a74       0x2c c:/st/stm32cubeide_1.0.2/stm32cubeide/plugins/com.st.stm32cube.ide.mcu.externaltools.gnu-tools-for-stm32.7-2018-q2-update.win32_1.0.0.201904181610/tools/bin/../lib/gcc/arm-none-eabi/7.3.1/thumb/v7e-m/fpv4-sp/hard\libgcc.a(_arm_unorddf2.o)
                0x0000000008000a74                __unorddf2
                0x0000000008000a74                __aeabi_dcmpun
 .text          0x0000000008000aa0       0x50 c:/st/stm32cubeide_1.0.2/stm32cubeide/plugins/com.st.stm32cube.ide.mcu.externaltools.gnu-tools-for-stm32.7-2018-q2-update.win32_1.0.0.201904181610/tools/bin/../lib/gcc/arm-none-eabi/7.3.1/thumb/v7e-m/fpv4-sp/hard\libgcc.a(_arm_fixdfsi.o)
                0x0000000008000aa0                __aeabi_d2iz
                0x0000000008000aa0                __fixdfsi
 .text          0x0000000008000af0       0x40 c:/st/stm32cubeide_1.0.2/stm32cubeide/plugins/com.st.stm32cube.ide.mcu.externaltools.gnu-tools-for-stm32.7-2018-q2-update.win32_1.0.0.201904181610/tools/bin/../lib/gcc/arm-none-eabi/7.3.1/thumb/v7e-m/fpv4-sp/hard\libgcc.a(_arm_fixunsdfsi.o)
                0x0000000008000af0                __aeabi_d2uiz
                0x0000000008000af0                __fixunsdfsi
 .text          0x0000000008000b30       0xa0 c:/st/stm32cubeide_1.0.2/stm32cubeide/plugins/com.st.stm32cube.ide.mcu.externaltools.gnu-tools-for-stm32.7-2018-q2-update.win32_1.0.0.201904181610/tools/bin/../lib/gcc/arm-none-eabi/7.3.1/thumb/v7e-m/fpv4-sp/hard\libgcc.a(_arm_truncdfsf2.o)
                0x0000000008000b30                __truncdfsf2
                0x0000000008000b30                __aeabi_d2f
 .text          0x0000000008000bd0       0x30 c:/st/stm32cubeide_1.0.2/stm32cubeide/plugins/com.st.stm32cube.ide.mcu.externaltools.gnu-tools-for-stm32.7-2018-q2-update.win32_1.0.0.201904181610/tools/bin/../lib/gcc/arm-none-eabi/7.3.1/thumb/v7e-m/fpv4-sp/hard\libgcc.a(_aeabi_uldivmod.o)
                0x0000000008000bd0                __aeabi_uldivmod
 .text          0x0000000008000c00      0x2cc c:/st/stm32cubeide_1.0.2/stm32cubeide/plugins/com.st.stm32cube.ide.mcu.externaltools.gnu-tools-for-stm32.7-2018-q2-update.win32_1.0.0.201904181610/tools/bin/../lib/gcc/arm-none-eabi/7.3.1/thumb/v7e-m/fpv4-sp/hard\libgcc.a(_udivmoddi4.o)
                0x0000000008000c00                __udivmoddi4
 .text          0x0000000008000ecc        0x4 c:/st/stm32cubeide_1.0.2/stm32cubeide/plugins/com.st.stm32cube.ide.mcu.externaltools.gnu-tools-for-stm32.7-2018-q2-update.win32_1.0.0.201904181610/tools/bin/../lib/gcc/arm-none-eabi/7.3.1/thumb/v7e-m/fpv4-sp/hard\libgcc.a(_dvmd_tls.o)
                0x0000000008000ecc                __aeabi_idiv0
                0x0000000008000ecc                __aeabi_ldiv0
 *(.text*)
 .text.readWord
                0x0000000008000ed0       0x94 Core/Src/main.o
                0x0000000008000ed0                readWord
 .text.writeWord
                0x0000000008000f64       0xac Core/Src/main.o
                0x0000000008000f64                writeWord
 .text.Calc_Coeff_Filter
                0x0000000008001010      0x3fc Core/Src/main.o
                0x0000000008001010                Calc_Coeff_Filter
 .text.Default_Setting
                0x000000000800140c      0x1dc Core/Src/main.o
                0x000000000800140c                Default_Setting
 .text.myTask   0x00000000080015e8     0x2774 Core/Src/main.o
                0x00000000080015e8                myTask
 .text.main     0x0000000008003d5c      0x104 Core/Src/main.o
                0x0000000008003d5c                main
 .text.SystemClock_Config
                0x0000000008003e60      0x100 Core/Src/main.o
                0x0000000008003e60                SystemClock_Config
 .text.MX_I2C1_Init
                0x0000000008003f60       0x5c Core/Src/main.o
 .text.MX_I2C3_Init
                0x0000000008003fbc       0x5c Core/Src/main.o
 .text.MX_I2S2_Init
                0x0000000008004018       0x5c Core/Src/main.o
 .text.MX_USART1_UART_Init
                0x0000000008004074       0x54 Core/Src/main.o
 .text.MX_DMA_Init
                0x00000000080040c8       0x8c Core/Src/main.o
 .text.MX_GPIO_Init
                0x0000000008004154      0x164 Core/Src/main.o
 .text.HAL_I2SEx_TxRxHalfCpltCallback
                0x00000000080042b8      0x148 Core/Src/main.o
                0x00000000080042b8                HAL_I2SEx_TxRxHalfCpltCallback
 .text.HAL_I2SEx_TxRxCpltCallback
                0x0000000008004400      0x148 Core/Src/main.o
                0x0000000008004400                HAL_I2SEx_TxRxCpltCallback
 .text.HAL_UART_RxCpltCallback
                0x0000000008004548       0x24 Core/Src/main.o
                0x0000000008004548                HAL_UART_RxCpltCallback
 .text.saveToEeprom
                0x000000000800456c       0x38 Core/Src/main.o
                0x000000000800456c                saveToEeprom
 .text.LoadFromEeprom
                0x00000000080045a4       0x8c Core/Src/main.o
                0x00000000080045a4                LoadFromEeprom
 .text.Error_Handler
                0x0000000008004630        0xe Core/Src/main.o
                0x0000000008004630                Error_Handler
 .text.bytesToWrite
                0x000000000800463e       0x32 Core/Src/myEEPROM.o
                0x000000000800463e                bytesToWrite
 .text.EEPROM_Write
                0x0000000008004670       0xc8 Core/Src/myEEPROM.o
                0x0000000008004670                EEPROM_Write
 .text.EEPROM_Read
                0x0000000008004738       0xc4 Core/Src/myEEPROM.o
                0x0000000008004738                EEPROM_Read
 .text.EEPROM_WriteByte
                0x00000000080047fc       0x4c Core/Src/myEEPROM.o
                0x00000000080047fc                EEPROM_WriteByte
 .text.EEPROM_ReadByte
                0x0000000008004848       0x48 Core/Src/myEEPROM.o
                0x0000000008004848                EEPROM_ReadByte
 .text.shelv    0x0000000008004890      0xbf4 Core/Src/myFilter.o
                0x0000000008004890                shelv
 *fill*         0x0000000008005484        0x4 
 .text.peak     0x0000000008005488      0x360 Core/Src/myFilter.o
                0x0000000008005488                peak
 .text.IIR_Right
                0x00000000080057e8      0x340 Core/Src/myIIR.o
                0x00000000080057e8                IIR_Right
 .text.IIR_Left
                0x0000000008005b28      0x340 Core/Src/myIIR.o
                0x0000000008005b28                IIR_Left
 .text.Display_Init
                0x0000000008005e68      0x188 Core/Src/myOled.o
                0x0000000008005e68                Display_Init
 .text.Display_UpdateScreen
                0x0000000008005ff0       0x5c Core/Src/myOled.o
                0x0000000008005ff0                Display_UpdateScreen
 .text.Display_Fill
                0x000000000800604c       0x30 Core/Src/myOled.o
                0x000000000800604c                Display_Fill
 .text.Display_DrawPixel
                0x000000000800607c       0xc0 Core/Src/myOled.o
                0x000000000800607c                Display_DrawPixel
 .text.Display_GotoXY
                0x000000000800613c       0x2c Core/Src/myOled.o
                0x000000000800613c                Display_GotoXY
 .text.Display_Putc
                0x0000000008006168      0x100 Core/Src/myOled.o
                0x0000000008006168                Display_Putc
 .text.Display_Puts
                0x0000000008006268       0x4a Core/Src/myOled.o
                0x0000000008006268                Display_Puts
 *fill*         0x00000000080062b2        0x2 
 .text.Display_PutUintDigit
                0x00000000080062b4      0x128 Core/Src/myOled.o
                0x00000000080062b4                Display_PutUintDigit
 .text.Display_PutUint
                0x00000000080063dc       0x4c Core/Src/myOled.o
                0x00000000080063dc                Display_PutUint
 .text.Display_PutInt
                0x0000000008006428       0x58 Core/Src/myOled.o
                0x0000000008006428                Display_PutInt
 .text.Display_PutFloatDigit
                0x0000000008006480       0xf0 Core/Src/myOled.o
                0x0000000008006480                Display_PutFloatDigit
 .text.Display_PutFloat
                0x0000000008006570       0xe8 Core/Src/myOled.o
                0x0000000008006570                Display_PutFloat
 .text.Display_DrawLine
                0x0000000008006658      0x1f6 Core/Src/myOled.o
                0x0000000008006658                Display_DrawLine
 .text.Display_DrawRectangle
                0x000000000800684e       0xd4 Core/Src/myOled.o
                0x000000000800684e                Display_DrawRectangle
 .text.Display_DrawFilledRectangle
                0x0000000008006922       0x9a Core/Src/myOled.o
                0x0000000008006922                Display_DrawFilledRectangle
 .text.Display_Clear
                0x00000000080069bc       0x12 Core/Src/myOled.o
                0x00000000080069bc                Display_Clear
 *fill*         0x00000000080069ce        0x2 
 .text.SSD1306_I2C_Init
                0x00000000080069d0       0x28 Core/Src/myOled.o
                0x00000000080069d0                SSD1306_I2C_Init
 .text.ssd1306_I2C_WriteMulti
                0x00000000080069f8       0x90 Core/Src/myOled.o
                0x00000000080069f8                ssd1306_I2C_WriteMulti
 .text.ssd1306_I2C_Write
                0x0000000008006a88       0x3c Core/Src/myOled.o
                0x0000000008006a88                ssd1306_I2C_Write
 .text.switchEncoder
                0x0000000008006ac4       0x58 Core/Src/mySwitch.o
                0x0000000008006ac4                switchEncoder
 .text.encoderCW
                0x0000000008006b1c       0x68 Core/Src/mySwitch.o
                0x0000000008006b1c                encoderCW
 .text.encoderCCW
                0x0000000008006b84       0x68 Core/Src/mySwitch.o
                0x0000000008006b84                encoderCCW
 .text.switchDown
                0x0000000008006bec       0x58 Core/Src/mySwitch.o
                0x0000000008006bec                switchDown
 .text.switchLeft
                0x0000000008006c44       0x58 Core/Src/mySwitch.o
                0x0000000008006c44                switchLeft
 .text.switchRight
                0x0000000008006c9c       0x58 Core/Src/mySwitch.o
                0x0000000008006c9c                switchRight
 .text.switchUp
                0x0000000008006cf4       0xc0 Core/Src/mySwitch.o
                0x0000000008006cf4                switchUp
 .text.HAL_MspInit
                0x0000000008006db4       0x50 Core/Src/stm32f4xx_hal_msp.o
                0x0000000008006db4                HAL_MspInit
 .text.HAL_I2C_MspInit
                0x0000000008006e04      0x140 Core/Src/stm32f4xx_hal_msp.o
                0x0000000008006e04                HAL_I2C_MspInit
 .text.HAL_I2S_MspInit
                0x0000000008006f44      0x1c4 Core/Src/stm32f4xx_hal_msp.o
                0x0000000008006f44                HAL_I2S_MspInit
 .text.HAL_UART_MspInit
                0x0000000008007108      0x16c Core/Src/stm32f4xx_hal_msp.o
                0x0000000008007108                HAL_UART_MspInit
 .text.NMI_Handler
                0x0000000008007274        0xe Core/Src/stm32f4xx_it.o
                0x0000000008007274                NMI_Handler
 .text.HardFault_Handler
                0x0000000008007282        0x6 Core/Src/stm32f4xx_it.o
                0x0000000008007282                HardFault_Handler
 .text.MemManage_Handler
                0x0000000008007288        0x6 Core/Src/stm32f4xx_it.o
                0x0000000008007288                MemManage_Handler
 .text.BusFault_Handler
                0x000000000800728e        0x6 Core/Src/stm32f4xx_it.o
                0x000000000800728e                BusFault_Handler
 .text.UsageFault_Handler
                0x0000000008007294        0x6 Core/Src/stm32f4xx_it.o
                0x0000000008007294                UsageFault_Handler
 .text.SVC_Handler
                0x000000000800729a        0xe Core/Src/stm32f4xx_it.o
                0x000000000800729a                SVC_Handler
 .text.DebugMon_Handler
                0x00000000080072a8        0xe Core/Src/stm32f4xx_it.o
                0x00000000080072a8                DebugMon_Handler
 .text.PendSV_Handler
                0x00000000080072b6        0xe Core/Src/stm32f4xx_it.o
                0x00000000080072b6                PendSV_Handler
 .text.SysTick_Handler
                0x00000000080072c4        0xc Core/Src/stm32f4xx_it.o
                0x00000000080072c4                SysTick_Handler
 .text.DMA1_Stream3_IRQHandler
                0x00000000080072d0       0x14 Core/Src/stm32f4xx_it.o
                0x00000000080072d0                DMA1_Stream3_IRQHandler
 .text.DMA1_Stream4_IRQHandler
                0x00000000080072e4       0x14 Core/Src/stm32f4xx_it.o
                0x00000000080072e4                DMA1_Stream4_IRQHandler
 .text.USART1_IRQHandler
                0x00000000080072f8       0x14 Core/Src/stm32f4xx_it.o
                0x00000000080072f8                USART1_IRQHandler
 .text.DMA2_Stream2_IRQHandler
                0x000000000800730c       0x14 Core/Src/stm32f4xx_it.o
                0x000000000800730c                DMA2_Stream2_IRQHandler
 .text.DMA2_Stream7_IRQHandler
                0x0000000008007320       0x14 Core/Src/stm32f4xx_it.o
                0x0000000008007320                DMA2_Stream7_IRQHandler
 .text.SystemInit
                0x0000000008007334       0x6c Core/Src/system_stm32f4xx.o
                0x0000000008007334                SystemInit
 .text.Reset_Handler
                0x00000000080073a0       0x50 Core/Startup/startup_stm32f407vetx.o
                0x00000000080073a0                Reset_Handler
 .text.Default_Handler
                0x00000000080073f0        0x2 Core/Startup/startup_stm32f407vetx.o
                0x00000000080073f0                RTC_Alarm_IRQHandler
                0x00000000080073f0                HASH_RNG_IRQHandler
                0x00000000080073f0                EXTI2_IRQHandler
                0x00000000080073f0                TIM8_CC_IRQHandler
                0x00000000080073f0                TIM1_CC_IRQHandler
                0x00000000080073f0                DMA2_Stream5_IRQHandler
                0x00000000080073f0                DMA1_Stream5_IRQHandler
                0x00000000080073f0                PVD_IRQHandler
                0x00000000080073f0                SDIO_IRQHandler
                0x00000000080073f0                TAMP_STAMP_IRQHandler
                0x00000000080073f0                CAN2_RX1_IRQHandler
                0x00000000080073f0                EXTI3_IRQHandler
                0x00000000080073f0                TIM8_TRG_COM_TIM14_IRQHandler
                0x00000000080073f0                TIM1_UP_TIM10_IRQHandler
                0x00000000080073f0                TIM8_UP_TIM13_IRQHandler
                0x00000000080073f0                I2C3_ER_IRQHandler
                0x00000000080073f0                EXTI0_IRQHandler
                0x00000000080073f0                I2C2_EV_IRQHandler
                0x00000000080073f0                DMA1_Stream2_IRQHandler
                0x00000000080073f0                CAN1_RX0_IRQHandler
                0x00000000080073f0                FPU_IRQHandler
                0x00000000080073f0                OTG_HS_WKUP_IRQHandler
                0x00000000080073f0                CAN2_SCE_IRQHandler
                0x00000000080073f0                SPI1_IRQHandler
                0x00000000080073f0                TIM6_DAC_IRQHandler
                0x00000000080073f0                TIM1_BRK_TIM9_IRQHandler
                0x00000000080073f0                DCMI_IRQHandler
                0x00000000080073f0                CAN2_RX0_IRQHandler
                0x00000000080073f0                DMA2_Stream3_IRQHandler
                0x00000000080073f0                USART6_IRQHandler
                0x00000000080073f0                USART3_IRQHandler
                0x00000000080073f0                CAN1_RX1_IRQHandler
                0x00000000080073f0                UART5_IRQHandler
                0x00000000080073f0                DMA2_Stream0_IRQHandler
                0x00000000080073f0                TIM4_IRQHandler
                0x00000000080073f0                I2C1_EV_IRQHandler
                0x00000000080073f0                DMA1_Stream6_IRQHandler
                0x00000000080073f0                DMA1_Stream1_IRQHandler
                0x00000000080073f0                UART4_IRQHandler
                0x00000000080073f0                TIM3_IRQHandler
                0x00000000080073f0                RCC_IRQHandler
                0x00000000080073f0                TIM8_BRK_TIM12_IRQHandler
                0x00000000080073f0                Default_Handler
                0x00000000080073f0                EXTI15_10_IRQHandler
                0x00000000080073f0                ADC_IRQHandler
                0x00000000080073f0                DMA1_Stream7_IRQHandler
                0x00000000080073f0                TIM7_IRQHandler
                0x00000000080073f0                CAN2_TX_IRQHandler
                0x00000000080073f0                TIM5_IRQHandler
                0x00000000080073f0                I2C3_EV_IRQHandler
                0x00000000080073f0                EXTI9_5_IRQHandler
                0x00000000080073f0                RTC_WKUP_IRQHandler
                0x00000000080073f0                ETH_WKUP_IRQHandler
                0x00000000080073f0                SPI2_IRQHandler
                0x00000000080073f0                OTG_HS_EP1_IN_IRQHandler
                0x00000000080073f0                DMA1_Stream0_IRQHandler
                0x00000000080073f0                CAN1_TX_IRQHandler
                0x00000000080073f0                EXTI4_IRQHandler
                0x00000000080073f0                FSMC_IRQHandler
                0x00000000080073f0                ETH_IRQHandler
                0x00000000080073f0                OTG_HS_EP1_OUT_IRQHandler
                0x00000000080073f0                WWDG_IRQHandler
                0x00000000080073f0                TIM2_IRQHandler
                0x00000000080073f0                OTG_FS_WKUP_IRQHandler
                0x00000000080073f0                TIM1_TRG_COM_TIM11_IRQHandler
                0x00000000080073f0                OTG_HS_IRQHandler
                0x00000000080073f0                EXTI1_IRQHandler
                0x00000000080073f0                USART2_IRQHandler
                0x00000000080073f0                I2C2_ER_IRQHandler
                0x00000000080073f0                DMA2_Stream1_IRQHandler
                0x00000000080073f0                CAN1_SCE_IRQHandler
                0x00000000080073f0                FLASH_IRQHandler
                0x00000000080073f0                DMA2_Stream4_IRQHandler
                0x00000000080073f0                OTG_FS_IRQHandler
                0x00000000080073f0                SPI3_IRQHandler
                0x00000000080073f0                I2C1_ER_IRQHandler
                0x00000000080073f0                DMA2_Stream6_IRQHandler
 *fill*         0x00000000080073f2        0x2 
 .text.HAL_Init
                0x00000000080073f4       0x44 Drivers/STM32F4xx_HAL_Driver/Src/stm32f4xx_hal.o
                0x00000000080073f4                HAL_Init
 .text.HAL_InitTick
                0x0000000008007438       0x60 Drivers/STM32F4xx_HAL_Driver/Src/stm32f4xx_hal.o
                0x0000000008007438                HAL_InitTick
 .text.HAL_IncTick
                0x0000000008007498       0x28 Drivers/STM32F4xx_HAL_Driver/Src/stm32f4xx_hal.o
                0x0000000008007498                HAL_IncTick
 .text.HAL_GetTick
                0x00000000080074c0       0x18 Drivers/STM32F4xx_HAL_Driver/Src/stm32f4xx_hal.o
                0x00000000080074c0                HAL_GetTick
 .text.HAL_Delay
                0x00000000080074d8       0x44 Drivers/STM32F4xx_HAL_Driver/Src/stm32f4xx_hal.o
                0x00000000080074d8                HAL_Delay
 .text.__NVIC_SetPriorityGrouping
                0x000000000800751c       0x48 Drivers/STM32F4xx_HAL_Driver/Src/stm32f4xx_hal_cortex.o
 .text.__NVIC_GetPriorityGrouping
                0x0000000008007564       0x1c Drivers/STM32F4xx_HAL_Driver/Src/stm32f4xx_hal_cortex.o
 .text.__NVIC_EnableIRQ
                0x0000000008007580       0x3c Drivers/STM32F4xx_HAL_Driver/Src/stm32f4xx_hal_cortex.o
 .text.__NVIC_SetPriority
                0x00000000080075bc       0x54 Drivers/STM32F4xx_HAL_Driver/Src/stm32f4xx_hal_cortex.o
 .text.NVIC_EncodePriority
                0x0000000008007610       0x66 Drivers/STM32F4xx_HAL_Driver/Src/stm32f4xx_hal_cortex.o
 *fill*         0x0000000008007676        0x2 
 .text.SysTick_Config
                0x0000000008007678       0x44 Drivers/STM32F4xx_HAL_Driver/Src/stm32f4xx_hal_cortex.o
 .text.HAL_NVIC_SetPriorityGrouping
                0x00000000080076bc       0x16 Drivers/STM32F4xx_HAL_Driver/Src/stm32f4xx_hal_cortex.o
                0x00000000080076bc                HAL_NVIC_SetPriorityGrouping
 .text.HAL_NVIC_SetPriority
                0x00000000080076d2       0x38 Drivers/STM32F4xx_HAL_Driver/Src/stm32f4xx_hal_cortex.o
                0x00000000080076d2                HAL_NVIC_SetPriority
 .text.HAL_NVIC_EnableIRQ
                0x000000000800770a       0x1c Drivers/STM32F4xx_HAL_Driver/Src/stm32f4xx_hal_cortex.o
                0x000000000800770a                HAL_NVIC_EnableIRQ
 .text.HAL_SYSTICK_Config
                0x0000000008007726       0x18 Drivers/STM32F4xx_HAL_Driver/Src/stm32f4xx_hal_cortex.o
                0x0000000008007726                HAL_SYSTICK_Config
 *fill*         0x000000000800773e        0x2 
 .text.HAL_DMA_Init
                0x0000000008007740      0x15c Drivers/STM32F4xx_HAL_Driver/Src/stm32f4xx_hal_dma.o
                0x0000000008007740                HAL_DMA_Init
 .text.HAL_DMA_Start_IT
                0x000000000800789c       0xc0 Drivers/STM32F4xx_HAL_Driver/Src/stm32f4xx_hal_dma.o
                0x000000000800789c                HAL_DMA_Start_IT
 .text.HAL_DMA_Abort_IT
                0x000000000800795c       0x44 Drivers/STM32F4xx_HAL_Driver/Src/stm32f4xx_hal_dma.o
                0x000000000800795c                HAL_DMA_Abort_IT
 .text.HAL_DMA_IRQHandler
                0x00000000080079a0      0x314 Drivers/STM32F4xx_HAL_Driver/Src/stm32f4xx_hal_dma.o
                0x00000000080079a0                HAL_DMA_IRQHandler
 .text.DMA_SetConfig
                0x0000000008007cb4       0x5c Drivers/STM32F4xx_HAL_Driver/Src/stm32f4xx_hal_dma.o
 .text.DMA_CalcBaseAndBitshift
                0x0000000008007d10       0x6c Drivers/STM32F4xx_HAL_Driver/Src/stm32f4xx_hal_dma.o
 .text.DMA_CheckFifoParam
                0x0000000008007d7c       0xf4 Drivers/STM32F4xx_HAL_Driver/Src/stm32f4xx_hal_dma.o
 .text.HAL_GPIO_Init
                0x0000000008007e70      0x334 Drivers/STM32F4xx_HAL_Driver/Src/stm32f4xx_hal_gpio.o
                0x0000000008007e70                HAL_GPIO_Init
 .text.HAL_GPIO_ReadPin
                0x00000000080081a4       0x30 Drivers/STM32F4xx_HAL_Driver/Src/stm32f4xx_hal_gpio.o
                0x00000000080081a4                HAL_GPIO_ReadPin
 .text.HAL_GPIO_WritePin
                0x00000000080081d4       0x32 Drivers/STM32F4xx_HAL_Driver/Src/stm32f4xx_hal_gpio.o
                0x00000000080081d4                HAL_GPIO_WritePin
 *fill*         0x0000000008008206        0x2 
 .text.HAL_I2C_Init
                0x0000000008008208      0x250 Drivers/STM32F4xx_HAL_Driver/Src/stm32f4xx_hal_i2c.o
                0x0000000008008208                HAL_I2C_Init
 .text.HAL_I2C_Master_Transmit
                0x0000000008008458      0x1fc Drivers/STM32F4xx_HAL_Driver/Src/stm32f4xx_hal_i2c.o
                0x0000000008008458                HAL_I2C_Master_Transmit
 .text.HAL_I2C_Mem_Write
                0x0000000008008654      0x1f4 Drivers/STM32F4xx_HAL_Driver/Src/stm32f4xx_hal_i2c.o
                0x0000000008008654                HAL_I2C_Mem_Write
 .text.HAL_I2C_Mem_Read
                0x0000000008008848      0x44c Drivers/STM32F4xx_HAL_Driver/Src/stm32f4xx_hal_i2c.o
                0x0000000008008848                HAL_I2C_Mem_Read
 .text.HAL_I2C_IsDeviceReady
                0x0000000008008c94      0x244 Drivers/STM32F4xx_HAL_Driver/Src/stm32f4xx_hal_i2c.o
                0x0000000008008c94                HAL_I2C_IsDeviceReady
 .text.I2C_MasterRequestWrite
                0x0000000008008ed8       0xec Drivers/STM32F4xx_HAL_Driver/Src/stm32f4xx_hal_i2c.o
 .text.I2C_RequestMemoryWrite
                0x0000000008008fc4      0x114 Drivers/STM32F4xx_HAL_Driver/Src/stm32f4xx_hal_i2c.o
 .text.I2C_RequestMemoryRead
                0x00000000080090d8      0x1a0 Drivers/STM32F4xx_HAL_Driver/Src/stm32f4xx_hal_i2c.o
 .text.I2C_WaitOnFlagUntilTimeout
                0x0000000008009278       0xae Drivers/STM32F4xx_HAL_Driver/Src/stm32f4xx_hal_i2c.o
 .text.I2C_WaitOnMasterAddressFlagUntilTimeout
                0x0000000008009326       0xfe Drivers/STM32F4xx_HAL_Driver/Src/stm32f4xx_hal_i2c.o
 .text.I2C_WaitOnTXEFlagUntilTimeout
                0x0000000008009424       0x82 Drivers/STM32F4xx_HAL_Driver/Src/stm32f4xx_hal_i2c.o
 .text.I2C_WaitOnBTFFlagUntilTimeout
                0x00000000080094a6       0x82 Drivers/STM32F4xx_HAL_Driver/Src/stm32f4xx_hal_i2c.o
 .text.I2C_WaitOnRXNEFlagUntilTimeout
                0x0000000008009528       0xac Drivers/STM32F4xx_HAL_Driver/Src/stm32f4xx_hal_i2c.o
 .text.I2C_IsAcknowledgeFailed
                0x00000000080095d4       0x5e Drivers/STM32F4xx_HAL_Driver/Src/stm32f4xx_hal_i2c.o
 *fill*         0x0000000008009632        0x2 
 .text.HAL_I2S_Init
                0x0000000008009634      0x280 Drivers/STM32F4xx_HAL_Driver/Src/stm32f4xx_hal_i2s.o
                0x0000000008009634                HAL_I2S_Init
 .text.HAL_I2S_TxCpltCallback
                0x00000000080098b4       0x14 Drivers/STM32F4xx_HAL_Driver/Src/stm32f4xx_hal_i2s.o
                0x00000000080098b4                HAL_I2S_TxCpltCallback
 .text.HAL_I2S_RxCpltCallback
                0x00000000080098c8       0x14 Drivers/STM32F4xx_HAL_Driver/Src/stm32f4xx_hal_i2s.o
                0x00000000080098c8                HAL_I2S_RxCpltCallback
 .text.HAL_I2S_ErrorCallback
                0x00000000080098dc       0x14 Drivers/STM32F4xx_HAL_Driver/Src/stm32f4xx_hal_i2s.o
                0x00000000080098dc                HAL_I2S_ErrorCallback
 .text.I2S_Transmit_IT
                0x00000000080098f0       0x5c Drivers/STM32F4xx_HAL_Driver/Src/stm32f4xx_hal_i2s.o
 .text.I2S_Receive_IT
                0x000000000800994c       0x5e Drivers/STM32F4xx_HAL_Driver/Src/stm32f4xx_hal_i2s.o
 .text.I2S_IRQHandler
                0x00000000080099aa      0x114 Drivers/STM32F4xx_HAL_Driver/Src/stm32f4xx_hal_i2s.o
 *fill*         0x0000000008009abe        0x2 
 .text.HAL_I2SEx_TransmitReceive_DMA
                0x0000000008009ac0      0x314 Drivers/STM32F4xx_HAL_Driver/Src/stm32f4xx_hal_i2s_ex.o
                0x0000000008009ac0                HAL_I2SEx_TransmitReceive_DMA
 .text.HAL_I2SEx_FullDuplex_IRQHandler
                0x0000000008009dd4      0x2a8 Drivers/STM32F4xx_HAL_Driver/Src/stm32f4xx_hal_i2s_ex.o
                0x0000000008009dd4                HAL_I2SEx_FullDuplex_IRQHandler
 .text.I2SEx_TxRxDMAHalfCplt
                0x000000000800a07c       0x1c Drivers/STM32F4xx_HAL_Driver/Src/stm32f4xx_hal_i2s_ex.o
 .text.I2SEx_TxRxDMACplt
                0x000000000800a098       0xd8 Drivers/STM32F4xx_HAL_Driver/Src/stm32f4xx_hal_i2s_ex.o
 .text.I2SEx_TxRxDMAError
                0x000000000800a170       0x80 Drivers/STM32F4xx_HAL_Driver/Src/stm32f4xx_hal_i2s_ex.o
 .text.I2SEx_TxISR_I2S
                0x000000000800a1f0       0x62 Drivers/STM32F4xx_HAL_Driver/Src/stm32f4xx_hal_i2s_ex.o
 *fill*         0x000000000800a252        0x2 
 .text.I2SEx_TxISR_I2SExt
                0x000000000800a254       0x98 Drivers/STM32F4xx_HAL_Driver/Src/stm32f4xx_hal_i2s_ex.o
 .text.I2SEx_RxISR_I2S
                0x000000000800a2ec       0x64 Drivers/STM32F4xx_HAL_Driver/Src/stm32f4xx_hal_i2s_ex.o
 .text.I2SEx_RxISR_I2SExt
                0x000000000800a350       0x98 Drivers/STM32F4xx_HAL_Driver/Src/stm32f4xx_hal_i2s_ex.o
 .text.HAL_RCC_OscConfig
                0x000000000800a3e8      0x484 Drivers/STM32F4xx_HAL_Driver/Src/stm32f4xx_hal_rcc.o
                0x000000000800a3e8                HAL_RCC_OscConfig
 .text.HAL_RCC_ClockConfig
                0x000000000800a86c      0x1c4 Drivers/STM32F4xx_HAL_Driver/Src/stm32f4xx_hal_rcc.o
                0x000000000800a86c                HAL_RCC_ClockConfig
 .text.HAL_RCC_GetSysClockFreq
                0x000000000800aa30      0x1b0 Drivers/STM32F4xx_HAL_Driver/Src/stm32f4xx_hal_rcc.o
                0x000000000800aa30                HAL_RCC_GetSysClockFreq
 .text.HAL_RCC_GetHCLKFreq
                0x000000000800abe0       0x18 Drivers/STM32F4xx_HAL_Driver/Src/stm32f4xx_hal_rcc.o
                0x000000000800abe0                HAL_RCC_GetHCLKFreq
 .text.HAL_RCC_GetPCLK1Freq
                0x000000000800abf8       0x28 Drivers/STM32F4xx_HAL_Driver/Src/stm32f4xx_hal_rcc.o
                0x000000000800abf8                HAL_RCC_GetPCLK1Freq
 .text.HAL_RCC_GetPCLK2Freq
                0x000000000800ac20       0x28 Drivers/STM32F4xx_HAL_Driver/Src/stm32f4xx_hal_rcc.o
                0x000000000800ac20                HAL_RCC_GetPCLK2Freq
 .text.HAL_RCCEx_PeriphCLKConfig
                0x000000000800ac48      0x1c4 Drivers/STM32F4xx_HAL_Driver/Src/stm32f4xx_hal_rcc_ex.o
                0x000000000800ac48                HAL_RCCEx_PeriphCLKConfig
 .text.HAL_RCCEx_GetPeriphCLKFreq
                0x000000000800ae0c       0xb8 Drivers/STM32F4xx_HAL_Driver/Src/stm32f4xx_hal_rcc_ex.o
                0x000000000800ae0c                HAL_RCCEx_GetPeriphCLKFreq
 .text.HAL_UART_Init
                0x000000000800aec4       0x9a Drivers/STM32F4xx_HAL_Driver/Src/stm32f4xx_hal_uart.o
                0x000000000800aec4                HAL_UART_Init
 .text.HAL_UART_Receive_IT
                0x000000000800af5e       0xaa Drivers/STM32F4xx_HAL_Driver/Src/stm32f4xx_hal_uart.o
                0x000000000800af5e                HAL_UART_Receive_IT
 .text.HAL_UART_IRQHandler
                0x000000000800b008      0x1f8 Drivers/STM32F4xx_HAL_Driver/Src/stm32f4xx_hal_uart.o
                0x000000000800b008                HAL_UART_IRQHandler
 .text.HAL_UART_TxCpltCallback
                0x000000000800b200       0x14 Drivers/STM32F4xx_HAL_Driver/Src/stm32f4xx_hal_uart.o
                0x000000000800b200                HAL_UART_TxCpltCallback
 .text.HAL_UART_ErrorCallback
                0x000000000800b214       0x14 Drivers/STM32F4xx_HAL_Driver/Src/stm32f4xx_hal_uart.o
                0x000000000800b214                HAL_UART_ErrorCallback
 .text.UART_EndRxTransfer
                0x000000000800b228       0x3c Drivers/STM32F4xx_HAL_Driver/Src/stm32f4xx_hal_uart.o
 .text.UART_DMAAbortOnError
                0x000000000800b264       0x28 Drivers/STM32F4xx_HAL_Driver/Src/stm32f4xx_hal_uart.o
 .text.UART_Transmit_IT
                0x000000000800b28c       0xac Drivers/STM32F4xx_HAL_Driver/Src/stm32f4xx_hal_uart.o
 .text.UART_EndTransmit_IT
                0x000000000800b338       0x30 Drivers/STM32F4xx_HAL_Driver/Src/stm32f4xx_hal_uart.o
 .text.UART_Receive_IT
                0x000000000800b368      0x102 Drivers/STM32F4xx_HAL_Driver/Src/stm32f4xx_hal_uart.o
 *fill*         0x000000000800b46a        0x2 
 .text.UART_SetConfig
                0x000000000800b46c      0x414 Drivers/STM32F4xx_HAL_Driver/Src/stm32f4xx_hal_uart.o
 .text.__errno  0x000000000800b880        0xc c:/st/stm32cubeide_1.0.2/stm32cubeide/plugins/com.st.stm32cube.ide.mcu.externaltools.gnu-tools-for-stm32.7-2018-q2-update.win32_1.0.0.201904181610/tools/bin/../lib/gcc/arm-none-eabi/7.3.1/../../../../arm-none-eabi/lib/thumb/v7e-m/fpv4-sp/hard\libc_nano.a(lib_a-errno.o)
                0x000000000800b880                __errno
 .text.__libc_init_array
                0x000000000800b88c       0x48 c:/st/stm32cubeide_1.0.2/stm32cubeide/plugins/com.st.stm32cube.ide.mcu.externaltools.gnu-tools-for-stm32.7-2018-q2-update.win32_1.0.0.201904181610/tools/bin/../lib/gcc/arm-none-eabi/7.3.1/../../../../arm-none-eabi/lib/thumb/v7e-m/fpv4-sp/hard\libc_nano.a(lib_a-init.o)
                0x000000000800b88c                __libc_init_array
 .text.memcpy   0x000000000800b8d4       0x16 c:/st/stm32cubeide_1.0.2/stm32cubeide/plugins/com.st.stm32cube.ide.mcu.externaltools.gnu-tools-for-stm32.7-2018-q2-update.win32_1.0.0.201904181610/tools/bin/../lib/gcc/arm-none-eabi/7.3.1/../../../../arm-none-eabi/lib/thumb/v7e-m/fpv4-sp/hard\libc_nano.a(lib_a-memcpy-stub.o)
                0x000000000800b8d4                memcpy
 .text.memset   0x000000000800b8ea       0x10 c:/st/stm32cubeide_1.0.2/stm32cubeide/plugins/com.st.stm32cube.ide.mcu.externaltools.gnu-tools-for-stm32.7-2018-q2-update.win32_1.0.0.201904181610/tools/bin/../lib/gcc/arm-none-eabi/7.3.1/../../../../arm-none-eabi/lib/thumb/v7e-m/fpv4-sp/hard\libc_nano.a(lib_a-memset.o)
                0x000000000800b8ea                memset
 *fill*         0x000000000800b8fa        0x6 
 .text.tan      0x000000000800b900       0x60 c:/st/stm32cubeide_1.0.2/stm32cubeide/plugins/com.st.stm32cube.ide.mcu.externaltools.gnu-tools-for-stm32.7-2018-q2-update.win32_1.0.0.201904181610/tools/bin/../lib/gcc/arm-none-eabi/7.3.1/../../../../arm-none-eabi/lib/thumb/v7e-m/fpv4-sp/hard\libm.a(lib_a-s_tan.o)
                0x000000000800b900                tan
 .text.pow      0x000000000800b960      0x2e0 c:/st/stm32cubeide_1.0.2/stm32cubeide/plugins/com.st.stm32cube.ide.mcu.externaltools.gnu-tools-for-stm32.7-2018-q2-update.win32_1.0.0.201904181610/tools/bin/../lib/gcc/arm-none-eabi/7.3.1/../../../../arm-none-eabi/lib/thumb/v7e-m/fpv4-sp/hard\libm.a(lib_a-w_pow.o)
                0x000000000800b960                pow
 .text.sqrt     0x000000000800bc40       0xb4 c:/st/stm32cubeide_1.0.2/stm32cubeide/plugins/com.st.stm32cube.ide.mcu.externaltools.gnu-tools-for-stm32.7-2018-q2-update.win32_1.0.0.201904181610/tools/bin/../lib/gcc/arm-none-eabi/7.3.1/../../../../arm-none-eabi/lib/thumb/v7e-m/fpv4-sp/hard\libm.a(lib_a-w_sqrt.o)
                0x000000000800bc40                sqrt
 *fill*         0x000000000800bcf4        0x4 
 .text.__ieee754_pow
                0x000000000800bcf8      0xa1c c:/st/stm32cubeide_1.0.2/stm32cubeide/plugins/com.st.stm32cube.ide.mcu.externaltools.gnu-tools-for-stm32.7-2018-q2-update.win32_1.0.0.201904181610/tools/bin/../lib/gcc/arm-none-eabi/7.3.1/../../../../arm-none-eabi/lib/thumb/v7e-m/fpv4-sp/hard\libm.a(lib_a-e_pow.o)
                0x000000000800bcf8                __ieee754_pow
 *fill*         0x000000000800c714        0x4 
 .text.__ieee754_rem_pio2
                0x000000000800c718      0x3e4 c:/st/stm32cubeide_1.0.2/stm32cubeide/plugins/com.st.stm32cube.ide.mcu.externaltools.gnu-tools-for-stm32.7-2018-q2-update.win32_1.0.0.201904181610/tools/bin/../lib/gcc/arm-none-eabi/7.3.1/../../../../arm-none-eabi/lib/thumb/v7e-m/fpv4-sp/hard\libm.a(lib_a-e_rem_pio2.o)
                0x000000000800c718                __ieee754_rem_pio2
 .text.__ieee754_sqrt
                0x000000000800cafc      0x160 c:/st/stm32cubeide_1.0.2/stm32cubeide/plugins/com.st.stm32cube.ide.mcu.externaltools.gnu-tools-for-stm32.7-2018-q2-update.win32_1.0.0.201904181610/tools/bin/../lib/gcc/arm-none-eabi/7.3.1/../../../../arm-none-eabi/lib/thumb/v7e-m/fpv4-sp/hard\libm.a(lib_a-e_sqrt.o)
                0x000000000800cafc                __ieee754_sqrt
 *fill*         0x000000000800cc5c        0x4 
 .text.__kernel_rem_pio2
                0x000000000800cc60      0x680 c:/st/stm32cubeide_1.0.2/stm32cubeide/plugins/com.st.stm32cube.ide.mcu.externaltools.gnu-tools-for-stm32.7-2018-q2-update.win32_1.0.0.201904181610/tools/bin/../lib/gcc/arm-none-eabi/7.3.1/../../../../arm-none-eabi/lib/thumb/v7e-m/fpv4-sp/hard\libm.a(lib_a-k_rem_pio2.o)
                0x000000000800cc60                __kernel_rem_pio2
 .text.__kernel_tan
                0x000000000800d2e0      0x398 c:/st/stm32cubeide_1.0.2/stm32cubeide/plugins/com.st.stm32cube.ide.mcu.externaltools.gnu-tools-for-stm32.7-2018-q2-update.win32_1.0.0.201904181610/tools/bin/../lib/gcc/arm-none-eabi/7.3.1/../../../../arm-none-eabi/lib/thumb/v7e-m/fpv4-sp/hard\libm.a(lib_a-k_tan.o)
                0x000000000800d2e0                __kernel_tan
 .text.fabs     0x000000000800d678       0x12 c:/st/stm32cubeide_1.0.2/stm32cubeide/plugins/com.st.stm32cube.ide.mcu.externaltools.gnu-tools-for-stm32.7-2018-q2-update.win32_1.0.0.201904181610/tools/bin/../lib/gcc/arm-none-eabi/7.3.1/../../../../arm-none-eabi/lib/thumb/v7e-m/fpv4-sp/hard\libm.a(lib_a-s_fabs.o)
                0x000000000800d678                fabs
 .text.finite   0x000000000800d68a       0x10 c:/st/stm32cubeide_1.0.2/stm32cubeide/plugins/com.st.stm32cube.ide.mcu.externaltools.gnu-tools-for-stm32.7-2018-q2-update.win32_1.0.0.201904181610/tools/bin/../lib/gcc/arm-none-eabi/7.3.1/../../../../arm-none-eabi/lib/thumb/v7e-m/fpv4-sp/hard\libm.a(lib_a-s_finite.o)
                0x000000000800d68a                finite
 *fill*         0x000000000800d69a        0x6 
 .text.floor    0x000000000800d6a0      0x108 c:/st/stm32cubeide_1.0.2/stm32cubeide/plugins/com.st.stm32cube.ide.mcu.externaltools.gnu-tools-for-stm32.7-2018-q2-update.win32_1.0.0.201904181610/tools/bin/../lib/gcc/arm-none-eabi/7.3.1/../../../../arm-none-eabi/lib/thumb/v7e-m/fpv4-sp/hard\libm.a(lib_a-s_floor.o)
                0x000000000800d6a0                floor
 .text.matherr  0x000000000800d7a8        0x4 c:/st/stm32cubeide_1.0.2/stm32cubeide/plugins/com.st.stm32cube.ide.mcu.externaltools.gnu-tools-for-stm32.7-2018-q2-update.win32_1.0.0.201904181610/tools/bin/../lib/gcc/arm-none-eabi/7.3.1/../../../../arm-none-eabi/lib/thumb/v7e-m/fpv4-sp/hard\libm.a(lib_a-s_matherr.o)
                0x000000000800d7a8                matherr
 *fill*         0x000000000800d7ac        0x4 
 .text.nan      0x000000000800d7b0       0x10 c:/st/stm32cubeide_1.0.2/stm32cubeide/plugins/com.st.stm32cube.ide.mcu.externaltools.gnu-tools-for-stm32.7-2018-q2-update.win32_1.0.0.201904181610/tools/bin/../lib/gcc/arm-none-eabi/7.3.1/../../../../arm-none-eabi/lib/thumb/v7e-m/fpv4-sp/hard\libm.a(lib_a-s_nan.o)
                0x000000000800d7b0                nan
 .text.rint     0x000000000800d7c0      0x108 c:/st/stm32cubeide_1.0.2/stm32cubeide/plugins/com.st.stm32cube.ide.mcu.externaltools.gnu-tools-for-stm32.7-2018-q2-update.win32_1.0.0.201904181610/tools/bin/../lib/gcc/arm-none-eabi/7.3.1/../../../../arm-none-eabi/lib/thumb/v7e-m/fpv4-sp/hard\libm.a(lib_a-s_rint.o)
                0x000000000800d7c0                rint
 .text.scalbn   0x000000000800d8c8       0xec c:/st/stm32cubeide_1.0.2/stm32cubeide/plugins/com.st.stm32cube.ide.mcu.externaltools.gnu-tools-for-stm32.7-2018-q2-update.win32_1.0.0.201904181610/tools/bin/../lib/gcc/arm-none-eabi/7.3.1/../../../../arm-none-eabi/lib/thumb/v7e-m/fpv4-sp/hard\libm.a(lib_a-s_scalbn.o)
                0x000000000800d8c8                scalbn
 .text.copysign
                0x000000000800d9b4       0x1e c:/st/stm32cubeide_1.0.2/stm32cubeide/plugins/com.st.stm32cube.ide.mcu.externaltools.gnu-tools-for-stm32.7-2018-q2-update.win32_1.0.0.201904181610/tools/bin/../lib/gcc/arm-none-eabi/7.3.1/../../../../arm-none-eabi/lib/thumb/v7e-m/fpv4-sp/hard\libm.a(lib_a-s_copysign.o)
                0x000000000800d9b4                copysign
 *(.glue_7)
 .glue_7        0x000000000800d9d2        0x0 linker stubs
 *(.glue_7t)
 .glue_7t       0x000000000800d9d2        0x0 linker stubs
 *(.eh_frame)
 *fill*         0x000000000800d9d2        0x2 
 .eh_frame      0x000000000800d9d4        0x0 c:/st/stm32cubeide_1.0.2/stm32cubeide/plugins/com.st.stm32cube.ide.mcu.externaltools.gnu-tools-for-stm32.7-2018-q2-update.win32_1.0.0.201904181610/tools/bin/../lib/gcc/arm-none-eabi/7.3.1/thumb/v7e-m/fpv4-sp/hard/crtbegin.o
 *(.init)
 .init          0x000000000800d9d4        0x4 c:/st/stm32cubeide_1.0.2/stm32cubeide/plugins/com.st.stm32cube.ide.mcu.externaltools.gnu-tools-for-stm32.7-2018-q2-update.win32_1.0.0.201904181610/tools/bin/../lib/gcc/arm-none-eabi/7.3.1/thumb/v7e-m/fpv4-sp/hard/crti.o
                0x000000000800d9d4                _init
 .init          0x000000000800d9d8        0x8 c:/st/stm32cubeide_1.0.2/stm32cubeide/plugins/com.st.stm32cube.ide.mcu.externaltools.gnu-tools-for-stm32.7-2018-q2-update.win32_1.0.0.201904181610/tools/bin/../lib/gcc/arm-none-eabi/7.3.1/thumb/v7e-m/fpv4-sp/hard/crtn.o
 *(.fini)
 .fini          0x000000000800d9e0        0x4 c:/st/stm32cubeide_1.0.2/stm32cubeide/plugins/com.st.stm32cube.ide.mcu.externaltools.gnu-tools-for-stm32.7-2018-q2-update.win32_1.0.0.201904181610/tools/bin/../lib/gcc/arm-none-eabi/7.3.1/thumb/v7e-m/fpv4-sp/hard/crti.o
                0x000000000800d9e0                _fini
 .fini          0x000000000800d9e4        0x8 c:/st/stm32cubeide_1.0.2/stm32cubeide/plugins/com.st.stm32cube.ide.mcu.externaltools.gnu-tools-for-stm32.7-2018-q2-update.win32_1.0.0.201904181610/tools/bin/../lib/gcc/arm-none-eabi/7.3.1/thumb/v7e-m/fpv4-sp/hard/crtn.o
                0x000000000800d9ec                . = ALIGN (0x4)
                0x000000000800d9ec                _etext = .

.vfp11_veneer   0x000000000800d9ec        0x0
 .vfp11_veneer  0x000000000800d9ec        0x0 linker stubs

.v4_bx          0x000000000800d9ec        0x0
 .v4_bx         0x000000000800d9ec        0x0 linker stubs

.iplt           0x000000000800d9ec        0x0
 .iplt          0x000000000800d9ec        0x0 c:/st/stm32cubeide_1.0.2/stm32cubeide/plugins/com.st.stm32cube.ide.mcu.externaltools.gnu-tools-for-stm32.7-2018-q2-update.win32_1.0.0.201904181610/tools/bin/../lib/gcc/arm-none-eabi/7.3.1/thumb/v7e-m/fpv4-sp/hard/crtbegin.o

.rodata         0x000000000800d9f0     0x1798
                0x000000000800d9f0                . = ALIGN (0x4)
 *(.rodata)
 .rodata        0x000000000800d9f0       0x86 Core/Src/main.o
 *(.rodata*)
 *fill*         0x000000000800da76        0x2 
 .rodata.Font7x10
                0x000000000800da78      0x76c Core/Src/myFonts.o
                0x000000000800da78                Font7x10
 .rodata.Font11x18
                0x000000000800e1e4      0xd5c Core/Src/myFonts.o
                0x000000000800e1e4                Font11x18
 .rodata.AHBPrescTable
                0x000000000800ef40       0x10 Core/Src/system_stm32f4xx.o
                0x000000000800ef40                AHBPrescTable
 .rodata.APBPrescTable
                0x000000000800ef50        0x8 Core/Src/system_stm32f4xx.o
                0x000000000800ef50                APBPrescTable
 .rodata.flagBitshiftOffset.7987
                0x000000000800ef58        0x8 Drivers/STM32F4xx_HAL_Driver/Src/stm32f4xx_hal_dma.o
 .rodata.pow.str1.1
                0x000000000800ef60        0x4 c:/st/stm32cubeide_1.0.2/stm32cubeide/plugins/com.st.stm32cube.ide.mcu.externaltools.gnu-tools-for-stm32.7-2018-q2-update.win32_1.0.0.201904181610/tools/bin/../lib/gcc/arm-none-eabi/7.3.1/../../../../arm-none-eabi/lib/thumb/v7e-m/fpv4-sp/hard\libm.a(lib_a-w_pow.o)
 .rodata.sqrt.str1.1
                0x000000000800ef64        0x5 c:/st/stm32cubeide_1.0.2/stm32cubeide/plugins/com.st.stm32cube.ide.mcu.externaltools.gnu-tools-for-stm32.7-2018-q2-update.win32_1.0.0.201904181610/tools/bin/../lib/gcc/arm-none-eabi/7.3.1/../../../../arm-none-eabi/lib/thumb/v7e-m/fpv4-sp/hard\libm.a(lib_a-w_sqrt.o)
 .rodata.__ieee754_pow.str1.1
                0x000000000800ef69        0x5 c:/st/stm32cubeide_1.0.2/stm32cubeide/plugins/com.st.stm32cube.ide.mcu.externaltools.gnu-tools-for-stm32.7-2018-q2-update.win32_1.0.0.201904181610/tools/bin/../lib/gcc/arm-none-eabi/7.3.1/../../../../arm-none-eabi/lib/thumb/v7e-m/fpv4-sp/hard\libm.a(lib_a-e_pow.o)
                                          0x1 (size before relaxing)
 *fill*         0x000000000800ef69        0x7 
 .rodata.bp     0x000000000800ef70       0x10 c:/st/stm32cubeide_1.0.2/stm32cubeide/plugins/com.st.stm32cube.ide.mcu.externaltools.gnu-tools-for-stm32.7-2018-q2-update.win32_1.0.0.201904181610/tools/bin/../lib/gcc/arm-none-eabi/7.3.1/../../../../arm-none-eabi/lib/thumb/v7e-m/fpv4-sp/hard\libm.a(lib_a-e_pow.o)
 .rodata.dp_h   0x000000000800ef80       0x10 c:/st/stm32cubeide_1.0.2/stm32cubeide/plugins/com.st.stm32cube.ide.mcu.externaltools.gnu-tools-for-stm32.7-2018-q2-update.win32_1.0.0.201904181610/tools/bin/../lib/gcc/arm-none-eabi/7.3.1/../../../../arm-none-eabi/lib/thumb/v7e-m/fpv4-sp/hard\libm.a(lib_a-e_pow.o)
 .rodata.dp_l   0x000000000800ef90       0x10 c:/st/stm32cubeide_1.0.2/stm32cubeide/plugins/com.st.stm32cube.ide.mcu.externaltools.gnu-tools-for-stm32.7-2018-q2-update.win32_1.0.0.201904181610/tools/bin/../lib/gcc/arm-none-eabi/7.3.1/../../../../arm-none-eabi/lib/thumb/v7e-m/fpv4-sp/hard\libm.a(lib_a-e_pow.o)
 .rodata.npio2_hw
                0x000000000800efa0       0x80 c:/st/stm32cubeide_1.0.2/stm32cubeide/plugins/com.st.stm32cube.ide.mcu.externaltools.gnu-tools-for-stm32.7-2018-q2-update.win32_1.0.0.201904181610/tools/bin/../lib/gcc/arm-none-eabi/7.3.1/../../../../arm-none-eabi/lib/thumb/v7e-m/fpv4-sp/hard\libm.a(lib_a-e_rem_pio2.o)
 .rodata.two_over_pi
                0x000000000800f020      0x108 c:/st/stm32cubeide_1.0.2/stm32cubeide/plugins/com.st.stm32cube.ide.mcu.externaltools.gnu-tools-for-stm32.7-2018-q2-update.win32_1.0.0.201904181610/tools/bin/../lib/gcc/arm-none-eabi/7.3.1/../../../../arm-none-eabi/lib/thumb/v7e-m/fpv4-sp/hard\libm.a(lib_a-e_rem_pio2.o)
 .rodata.PIo2   0x000000000800f128       0x40 c:/st/stm32cubeide_1.0.2/stm32cubeide/plugins/com.st.stm32cube.ide.mcu.externaltools.gnu-tools-for-stm32.7-2018-q2-update.win32_1.0.0.201904181610/tools/bin/../lib/gcc/arm-none-eabi/7.3.1/../../../../arm-none-eabi/lib/thumb/v7e-m/fpv4-sp/hard\libm.a(lib_a-k_rem_pio2.o)
 .rodata.init_jk
                0x000000000800f168       0x10 c:/st/stm32cubeide_1.0.2/stm32cubeide/plugins/com.st.stm32cube.ide.mcu.externaltools.gnu-tools-for-stm32.7-2018-q2-update.win32_1.0.0.201904181610/tools/bin/../lib/gcc/arm-none-eabi/7.3.1/../../../../arm-none-eabi/lib/thumb/v7e-m/fpv4-sp/hard\libm.a(lib_a-k_rem_pio2.o)
 .rodata.TWO52  0x000000000800f178       0x10 c:/st/stm32cubeide_1.0.2/stm32cubeide/plugins/com.st.stm32cube.ide.mcu.externaltools.gnu-tools-for-stm32.7-2018-q2-update.win32_1.0.0.201904181610/tools/bin/../lib/gcc/arm-none-eabi/7.3.1/../../../../arm-none-eabi/lib/thumb/v7e-m/fpv4-sp/hard\libm.a(lib_a-s_rint.o)
                0x000000000800f188                . = ALIGN (0x4)

.ARM.extab      0x000000000800f188        0x0
                0x000000000800f188                . = ALIGN (0x4)
 *(.ARM.extab* .gnu.linkonce.armextab.*)
                0x000000000800f188                . = ALIGN (0x4)

.ARM            0x000000000800f188        0x8
                0x000000000800f188                . = ALIGN (0x4)
                0x000000000800f188                __exidx_start = .
 *(.ARM.exidx*)
 .ARM.exidx     0x000000000800f188        0x8 c:/st/stm32cubeide_1.0.2/stm32cubeide/plugins/com.st.stm32cube.ide.mcu.externaltools.gnu-tools-for-stm32.7-2018-q2-update.win32_1.0.0.201904181610/tools/bin/../lib/gcc/arm-none-eabi/7.3.1/thumb/v7e-m/fpv4-sp/hard\libgcc.a(_udivmoddi4.o)
                0x000000000800f190                __exidx_end = .
                0x000000000800f190                . = ALIGN (0x4)

.rel.dyn        0x000000000800f190        0x0
 .rel.iplt      0x000000000800f190        0x0 c:/st/stm32cubeide_1.0.2/stm32cubeide/plugins/com.st.stm32cube.ide.mcu.externaltools.gnu-tools-for-stm32.7-2018-q2-update.win32_1.0.0.201904181610/tools/bin/../lib/gcc/arm-none-eabi/7.3.1/thumb/v7e-m/fpv4-sp/hard/crtbegin.o

.preinit_array  0x000000000800f190        0x0
                0x000000000800f190                . = ALIGN (0x4)
                0x000000000800f190                PROVIDE (__preinit_array_start = .)
 *(.preinit_array*)
                0x000000000800f190                PROVIDE (__preinit_array_end = .)
                0x000000000800f190                . = ALIGN (0x4)

.init_array     0x000000000800f190        0x4
                0x000000000800f190                . = ALIGN (0x4)
                0x000000000800f190                PROVIDE (__init_array_start = .)
 *(SORT_BY_NAME(.init_array.*))
 *(.init_array*)
 .init_array    0x000000000800f190        0x4 c:/st/stm32cubeide_1.0.2/stm32cubeide/plugins/com.st.stm32cube.ide.mcu.externaltools.gnu-tools-for-stm32.7-2018-q2-update.win32_1.0.0.201904181610/tools/bin/../lib/gcc/arm-none-eabi/7.3.1/thumb/v7e-m/fpv4-sp/hard/crtbegin.o
                0x000000000800f194                PROVIDE (__init_array_end = .)
                0x000000000800f194                . = ALIGN (0x4)

.fini_array     0x000000000800f194        0x4
                0x000000000800f194                . = ALIGN (0x4)
                [!provide]                        PROVIDE (__fini_array_start = .)
 *(SORT_BY_NAME(.fini_array.*))
 *(.fini_array*)
 .fini_array    0x000000000800f194        0x4 c:/st/stm32cubeide_1.0.2/stm32cubeide/plugins/com.st.stm32cube.ide.mcu.externaltools.gnu-tools-for-stm32.7-2018-q2-update.win32_1.0.0.201904181610/tools/bin/../lib/gcc/arm-none-eabi/7.3.1/thumb/v7e-m/fpv4-sp/hard/crtbegin.o
                [!provide]                        PROVIDE (__fini_array_end = .)
                0x000000000800f198                . = ALIGN (0x4)
                0x000000000800f198                _sidata = LOADADDR (.data)

.data           0x0000000020000000       0xa4 load address 0x000000000800f198
                0x0000000020000000                . = ALIGN (0x4)
                0x0000000020000000                _sdata = .
 *(.data)
 *(.data*)
 .data.data_serial_rx
                0x0000000020000000       0x15 Core/Src/main.o
                0x0000000020000000                data_serial_rx
 .data.preset_selected.11660
                0x0000000020000015        0x1 Core/Src/main.o
 .data.last_state.11670
                0x0000000020000016        0x1 Core/Src/main.o
 .data.band_selected.11663
                0x0000000020000017        0x1 Core/Src/main.o
 .data.Font_7x10
                0x0000000020000018        0x8 Core/Src/myFonts.o
                0x0000000020000018                Font_7x10
 .data.Font_11x18
                0x0000000020000020        0x8 Core/Src/myFonts.o
                0x0000000020000020                Font_11x18
 .data.debounce.10906
                0x0000000020000028        0x1 Core/Src/mySwitch.o
 .data.debounce.10911
                0x0000000020000029        0x1 Core/Src/mySwitch.o
 .data.debounce.10916
                0x000000002000002a        0x1 Core/Src/mySwitch.o
 .data.debounce.10921
                0x000000002000002b        0x1 Core/Src/mySwitch.o
 .data.debounce.10926
                0x000000002000002c        0x1 Core/Src/mySwitch.o
 .data.debounce.10931
                0x000000002000002d        0x1 Core/Src/mySwitch.o
 .data.debounce.10938
                0x000000002000002e        0x1 Core/Src/mySwitch.o
 *fill*         0x000000002000002f        0x1 
 .data.SystemCoreClock
                0x0000000020000030        0x4 Core/Src/system_stm32f4xx.o
                0x0000000020000030                SystemCoreClock
 .data.uwTickPrio
                0x0000000020000034        0x4 Drivers/STM32F4xx_HAL_Driver/Src/stm32f4xx_hal.o
                0x0000000020000034                uwTickPrio
 .data.uwTickFreq
                0x0000000020000038        0x1 Drivers/STM32F4xx_HAL_Driver/Src/stm32f4xx_hal.o
                0x0000000020000038                uwTickFreq
 *fill*         0x0000000020000039        0x3 
 .data._impure_ptr
                0x000000002000003c        0x4 c:/st/stm32cubeide_1.0.2/stm32cubeide/plugins/com.st.stm32cube.ide.mcu.externaltools.gnu-tools-for-stm32.7-2018-q2-update.win32_1.0.0.201904181610/tools/bin/../lib/gcc/arm-none-eabi/7.3.1/../../../../arm-none-eabi/lib/thumb/v7e-m/fpv4-sp/hard\libc_nano.a(lib_a-impure.o)
                0x000000002000003c                _impure_ptr
 .data.impure_data
                0x0000000020000040       0x60 c:/st/stm32cubeide_1.0.2/stm32cubeide/plugins/com.st.stm32cube.ide.mcu.externaltools.gnu-tools-for-stm32.7-2018-q2-update.win32_1.0.0.201904181610/tools/bin/../lib/gcc/arm-none-eabi/7.3.1/../../../../arm-none-eabi/lib/thumb/v7e-m/fpv4-sp/hard\libc_nano.a(lib_a-impure.o)
 .data.__fdlib_version
                0x00000000200000a0        0x1 c:/st/stm32cubeide_1.0.2/stm32cubeide/plugins/com.st.stm32cube.ide.mcu.externaltools.gnu-tools-for-stm32.7-2018-q2-update.win32_1.0.0.201904181610/tools/bin/../lib/gcc/arm-none-eabi/7.3.1/../../../../arm-none-eabi/lib/thumb/v7e-m/fpv4-sp/hard\libm.a(lib_a-s_lib_ver.o)
                0x00000000200000a0                __fdlib_version
                0x00000000200000a4                . = ALIGN (0x4)
 *fill*         0x00000000200000a1        0x3 
                0x00000000200000a4                _edata = .

.igot.plt       0x00000000200000a4        0x0 load address 0x000000000800f23c
 .igot.plt      0x00000000200000a4        0x0 c:/st/stm32cubeide_1.0.2/stm32cubeide/plugins/com.st.stm32cube.ide.mcu.externaltools.gnu-tools-for-stm32.7-2018-q2-update.win32_1.0.0.201904181610/tools/bin/../lib/gcc/arm-none-eabi/7.3.1/thumb/v7e-m/fpv4-sp/hard/crtbegin.o
                0x00000000200000a4                . = ALIGN (0x4)

.bss            0x00000000200000a4      0xce0 load address 0x000000000800f23c
                0x00000000200000a4                _sbss = .
                0x00000000200000a4                __bss_start__ = _sbss
 *(.bss)
 .bss           0x00000000200000a4       0x1c c:/st/stm32cubeide_1.0.2/stm32cubeide/plugins/com.st.stm32cube.ide.mcu.externaltools.gnu-tools-for-stm32.7-2018-q2-update.win32_1.0.0.201904181610/tools/bin/../lib/gcc/arm-none-eabi/7.3.1/thumb/v7e-m/fpv4-sp/hard/crtbegin.o
 *(.bss*)
 .bss.l_selected.11661
                0x00000000200000c0        0x1 Core/Src/main.o
 .bss.r_selected.11662
                0x00000000200000c1        0x1 Core/Src/main.o
 .bss.l_gain_selected.11664
                0x00000000200000c2        0x1 Core/Src/main.o
 .bss.r_gain_selected.11665
                0x00000000200000c3        0x1 Core/Src/main.o
 .bss.l_fc_selected.11666
                0x00000000200000c4        0x1 Core/Src/main.o
 .bss.r_fc_selected.11667
                0x00000000200000c5        0x1 Core/Src/main.o
 .bss.l_bw_selected.11668
                0x00000000200000c6        0x1 Core/Src/main.o
 .bss.r_bw_selected.11669
                0x00000000200000c7        0x1 Core/Src/main.o
 .bss.SSD1306_Buffer
                0x00000000200000c8      0x400 Core/Src/myOled.o
 .bss.SSD1306   0x00000000200004c8        0x6 Core/Src/myOled.o
 .bss.longPress
                0x00000000200004ce        0x1 Core/Src/mySwitch.o
                0x00000000200004ce                longPress
 .bss.flag      0x00000000200004cf        0x1 Core/Src/mySwitch.o
                0x00000000200004cf                flag
 .bss.press.10939
                0x00000000200004d0        0x4 Core/Src/mySwitch.o
 *(COMMON)
 COMMON         0x00000000200004d4      0x8ac Core/Src/main.o
                0x00000000200004d4                R_yZ32
                0x00000000200004d8                R_y2
                0x00000000200004dc                R_y1
                0x00000000200004e0                state_home
                0x00000000200004e4                L_y1
                0x00000000200004e8                hi2c3
                0x000000002000053c                L_yZ42
                0x0000000020000540                EQ_preset
                0x0000000020000544                L_xZ42
                0x0000000020000548                strParamEQ
                0x000000002000055c                L_y5
                0x0000000020000560                R_cS2
                0x0000000020000574                L_yZ12
                0x0000000020000578                hi2c1
                0x00000000200005cc                L_yZ21
                0x00000000200005d0                R_yZ41
                0x00000000200005d4                R_yZ11
                0x00000000200005d8                L_cS4
                0x00000000200005ec                R_xZ12
                0x00000000200005f0                R_xZ31
                0x00000000200005f4                L_xZ32
                0x00000000200005f8                L_yZ51
                0x00000000200005fc                clk_debounce
                0x0000000020000600                L_cS5
                0x0000000020000614                R_xZ52
                0x0000000020000618                L_xZ22
                0x000000002000061c                R_y4
                0x0000000020000620                L_xZ52
                0x0000000020000624                R_yZ12
                0x0000000020000628                R_sample_in
                0x000000002000062c                L_sample_in
                0x0000000020000630                L_y2
                0x0000000020000634                R_y3
                0x0000000020000638                L_Samplef
                0x000000002000063c                R_xZ42
                0x0000000020000640                txBuff
                0x0000000020000650                R_yZ31
                0x0000000020000654                R_x
                0x0000000020000658                L_yZ41
                0x000000002000065c                encResult
                0x0000000020000660                hdma_usart1_tx
                0x00000000200006c0                L_xZ41
                0x00000000200006c4                errorCok
                0x00000000200006c8                hdma_usart1_rx
                0x0000000020000728                R_cS4
                0x000000002000073c                L_yZ11
                0x0000000020000740                huart1
                0x0000000020000780                L_yZ31
                0x0000000020000784                L_x
                0x0000000020000788                bakso
                0x000000002000078c                R_yZ22
                0x0000000020000790                R_xZ51
                0x0000000020000794                myPreset
                0x0000000020000b2c                L_xZ31
                0x0000000020000b30                L_yZ22
                0x0000000020000b34                R_xZ21
                0x0000000020000b38                EQ_band
                0x0000000020000b3c                R_cS3
                0x0000000020000b50                L_yZ32
                0x0000000020000b54                R_yZ52
                0x0000000020000b58                cobaTerima
                0x0000000020000b60                R_y5
                0x0000000020000b64                R_xZ22
                0x0000000020000b68                L_xZ21
                0x0000000020000b6c                L_xZ11
                0x0000000020000b70                L_xZ51
                0x0000000020000b74                R_xZ41
                0x0000000020000b78                encSW
                0x0000000020000b7c                rxBuff
                0x0000000020000b8c                L_y3
                0x0000000020000b90                L_cS3
                0x0000000020000ba4                R_cS1
                0x0000000020000bb8                R_cS5
                0x0000000020000bcc                L_y4
                0x0000000020000bd0                sw_debounce
                0x0000000020000bd4                array
                0x0000000020000c14                R_sample_out
                0x0000000020000c18                L_sample
                0x0000000020000c1c                cobafloat
                0x0000000020000c20                L_sample_out
                0x0000000020000c24                R_xZ11
                0x0000000020000c28                R_sample
                0x0000000020000c2c                hdma_i2s2_ext_rx
                0x0000000020000c8c                hdma_spi2_tx
                0x0000000020000cec                L_cS2
                0x0000000020000d00                R_xZ32
                0x0000000020000d04                L_cS1
                0x0000000020000d18                token
                0x0000000020000d1c                R_yZ21
                0x0000000020000d20                L_xZ12
                0x0000000020000d24                R_Samplef
                0x0000000020000d28                encSW_last
                0x0000000020000d2c                hi2s2
                0x0000000020000d74                R_yZ42
                0x0000000020000d78                R_yZ51
                0x0000000020000d7c                L_yZ52
 COMMON         0x0000000020000d80        0x4 Drivers/STM32F4xx_HAL_Driver/Src/stm32f4xx_hal.o
                0x0000000020000d80                uwTick
                0x0000000020000d84                . = ALIGN (0x4)
                0x0000000020000d84                _ebss = .
                0x0000000020000d84                __bss_end__ = _ebss

._user_heap_stack
                0x0000000020000d84      0x604 load address 0x000000000800f23c
                0x0000000020000d88                . = ALIGN (0x8)
 *fill*         0x0000000020000d84        0x4 
                0x0000000020000d88                PROVIDE (end = .)
                [!provide]                        PROVIDE (_end = .)
                0x0000000020000f88                . = (. + _Min_Heap_Size)
 *fill*         0x0000000020000d88      0x200 
                0x0000000020001388                . = (. + _Min_Stack_Size)
 *fill*         0x0000000020000f88      0x400 
                0x0000000020001388                . = ALIGN (0x8)

/DISCARD/
 libc.a(*)
 libm.a(*)
 libgcc.a(*)

.ARM.attributes
                0x0000000000000000       0x30
 *(.ARM.attributes)
 .ARM.attributes
                0x0000000000000000       0x22 c:/st/stm32cubeide_1.0.2/stm32cubeide/plugins/com.st.stm32cube.ide.mcu.externaltools.gnu-tools-for-stm32.7-2018-q2-update.win32_1.0.0.201904181610/tools/bin/../lib/gcc/arm-none-eabi/7.3.1/thumb/v7e-m/fpv4-sp/hard/crti.o
 .ARM.attributes
                0x0000000000000022       0x34 c:/st/stm32cubeide_1.0.2/stm32cubeide/plugins/com.st.stm32cube.ide.mcu.externaltools.gnu-tools-for-stm32.7-2018-q2-update.win32_1.0.0.201904181610/tools/bin/../lib/gcc/arm-none-eabi/7.3.1/thumb/v7e-m/fpv4-sp/hard/crtbegin.o
 .ARM.attributes
                0x0000000000000056       0x39 Core/Src/main.o
 .ARM.attributes
                0x000000000000008f       0x39 Core/Src/myEEPROM.o
 .ARM.attributes
                0x00000000000000c8       0x39 Core/Src/myFilter.o
 .ARM.attributes
                0x0000000000000101       0x39 Core/Src/myFonts.o
 .ARM.attributes
                0x000000000000013a       0x39 Core/Src/myIIR.o
 .ARM.attributes
                0x0000000000000173       0x39 Core/Src/myOled.o
 .ARM.attributes
                0x00000000000001ac       0x39 Core/Src/mySwitch.o
 .ARM.attributes
                0x00000000000001e5       0x39 Core/Src/stm32f4xx_hal_msp.o
 .ARM.attributes
                0x000000000000021e       0x39 Core/Src/stm32f4xx_it.o
 .ARM.attributes
                0x0000000000000257       0x39 Core/Src/system_stm32f4xx.o
 .ARM.attributes
                0x0000000000000290       0x21 Core/Startup/startup_stm32f407vetx.o
 .ARM.attributes
                0x00000000000002b1       0x39 Drivers/STM32F4xx_HAL_Driver/Src/stm32f4xx_hal.o
 .ARM.attributes
                0x00000000000002ea       0x39 Drivers/STM32F4xx_HAL_Driver/Src/stm32f4xx_hal_cortex.o
 .ARM.attributes
                0x0000000000000323       0x39 Drivers/STM32F4xx_HAL_Driver/Src/stm32f4xx_hal_dma.o
 .ARM.attributes
                0x000000000000035c       0x39 Drivers/STM32F4xx_HAL_Driver/Src/stm32f4xx_hal_gpio.o
 .ARM.attributes
                0x0000000000000395       0x39 Drivers/STM32F4xx_HAL_Driver/Src/stm32f4xx_hal_i2c.o
 .ARM.attributes
                0x00000000000003ce       0x39 Drivers/STM32F4xx_HAL_Driver/Src/stm32f4xx_hal_i2s.o
 .ARM.attributes
                0x0000000000000407       0x39 Drivers/STM32F4xx_HAL_Driver/Src/stm32f4xx_hal_i2s_ex.o
 .ARM.attributes
                0x0000000000000440       0x39 Drivers/STM32F4xx_HAL_Driver/Src/stm32f4xx_hal_rcc.o
 .ARM.attributes
                0x0000000000000479       0x39 Drivers/STM32F4xx_HAL_Driver/Src/stm32f4xx_hal_rcc_ex.o
 .ARM.attributes
                0x00000000000004b2       0x39 Drivers/STM32F4xx_HAL_Driver/Src/stm32f4xx_hal_uart.o
 .ARM.attributes
                0x00000000000004eb       0x34 c:/st/stm32cubeide_1.0.2/stm32cubeide/plugins/com.st.stm32cube.ide.mcu.externaltools.gnu-tools-for-stm32.7-2018-q2-update.win32_1.0.0.201904181610/tools/bin/../lib/gcc/arm-none-eabi/7.3.1/../../../../arm-none-eabi/lib/thumb/v7e-m/fpv4-sp/hard\libc_nano.a(lib_a-errno.o)
 .ARM.attributes
                0x000000000000051f       0x34 c:/st/stm32cubeide_1.0.2/stm32cubeide/plugins/com.st.stm32cube.ide.mcu.externaltools.gnu-tools-for-stm32.7-2018-q2-update.win32_1.0.0.201904181610/tools/bin/../lib/gcc/arm-none-eabi/7.3.1/../../../../arm-none-eabi/lib/thumb/v7e-m/fpv4-sp/hard\libc_nano.a(lib_a-impure.o)
 .ARM.attributes
                0x0000000000000553       0x34 c:/st/stm32cubeide_1.0.2/stm32cubeide/plugins/com.st.stm32cube.ide.mcu.externaltools.gnu-tools-for-stm32.7-2018-q2-update.win32_1.0.0.201904181610/tools/bin/../lib/gcc/arm-none-eabi/7.3.1/../../../../arm-none-eabi/lib/thumb/v7e-m/fpv4-sp/hard\libc_nano.a(lib_a-init.o)
 .ARM.attributes
                0x0000000000000587       0x34 c:/st/stm32cubeide_1.0.2/stm32cubeide/plugins/com.st.stm32cube.ide.mcu.externaltools.gnu-tools-for-stm32.7-2018-q2-update.win32_1.0.0.201904181610/tools/bin/../lib/gcc/arm-none-eabi/7.3.1/../../../../arm-none-eabi/lib/thumb/v7e-m/fpv4-sp/hard\libc_nano.a(lib_a-memcpy-stub.o)
 .ARM.attributes
                0x00000000000005bb       0x34 c:/st/stm32cubeide_1.0.2/stm32cubeide/plugins/com.st.stm32cube.ide.mcu.externaltools.gnu-tools-for-stm32.7-2018-q2-update.win32_1.0.0.201904181610/tools/bin/../lib/gcc/arm-none-eabi/7.3.1/../../../../arm-none-eabi/lib/thumb/v7e-m/fpv4-sp/hard\libc_nano.a(lib_a-memset.o)
 .ARM.attributes
                0x00000000000005ef       0x34 c:/st/stm32cubeide_1.0.2/stm32cubeide/plugins/com.st.stm32cube.ide.mcu.externaltools.gnu-tools-for-stm32.7-2018-q2-update.win32_1.0.0.201904181610/tools/bin/../lib/gcc/arm-none-eabi/7.3.1/../../../../arm-none-eabi/lib/thumb/v7e-m/fpv4-sp/hard\libm.a(lib_a-s_tan.o)
 .ARM.attributes
                0x0000000000000623       0x34 c:/st/stm32cubeide_1.0.2/stm32cubeide/plugins/com.st.stm32cube.ide.mcu.externaltools.gnu-tools-for-stm32.7-2018-q2-update.win32_1.0.0.201904181610/tools/bin/../lib/gcc/arm-none-eabi/7.3.1/../../../../arm-none-eabi/lib/thumb/v7e-m/fpv4-sp/hard\libm.a(lib_a-w_pow.o)
 .ARM.attributes
                0x0000000000000657       0x34 c:/st/stm32cubeide_1.0.2/stm32cubeide/plugins/com.st.stm32cube.ide.mcu.externaltools.gnu-tools-for-stm32.7-2018-q2-update.win32_1.0.0.201904181610/tools/bin/../lib/gcc/arm-none-eabi/7.3.1/../../../../arm-none-eabi/lib/thumb/v7e-m/fpv4-sp/hard\libm.a(lib_a-w_sqrt.o)
 .ARM.attributes
                0x000000000000068b       0x34 c:/st/stm32cubeide_1.0.2/stm32cubeide/plugins/com.st.stm32cube.ide.mcu.externaltools.gnu-tools-for-stm32.7-2018-q2-update.win32_1.0.0.201904181610/tools/bin/../lib/gcc/arm-none-eabi/7.3.1/../../../../arm-none-eabi/lib/thumb/v7e-m/fpv4-sp/hard\libm.a(lib_a-e_pow.o)
 .ARM.attributes
                0x00000000000006bf       0x34 c:/st/stm32cubeide_1.0.2/stm32cubeide/plugins/com.st.stm32cube.ide.mcu.externaltools.gnu-tools-for-stm32.7-2018-q2-update.win32_1.0.0.201904181610/tools/bin/../lib/gcc/arm-none-eabi/7.3.1/../../../../arm-none-eabi/lib/thumb/v7e-m/fpv4-sp/hard\libm.a(lib_a-e_rem_pio2.o)
 .ARM.attributes
                0x00000000000006f3       0x34 c:/st/stm32cubeide_1.0.2/stm32cubeide/plugins/com.st.stm32cube.ide.mcu.externaltools.gnu-tools-for-stm32.7-2018-q2-update.win32_1.0.0.201904181610/tools/bin/../lib/gcc/arm-none-eabi/7.3.1/../../../../arm-none-eabi/lib/thumb/v7e-m/fpv4-sp/hard\libm.a(lib_a-e_sqrt.o)
 .ARM.attributes
                0x0000000000000727       0x34 c:/st/stm32cubeide_1.0.2/stm32cubeide/plugins/com.st.stm32cube.ide.mcu.externaltools.gnu-tools-for-stm32.7-2018-q2-update.win32_1.0.0.201904181610/tools/bin/../lib/gcc/arm-none-eabi/7.3.1/../../../../arm-none-eabi/lib/thumb/v7e-m/fpv4-sp/hard\libm.a(lib_a-k_rem_pio2.o)
 .ARM.attributes
                0x000000000000075b       0x34 c:/st/stm32cubeide_1.0.2/stm32cubeide/plugins/com.st.stm32cube.ide.mcu.externaltools.gnu-tools-for-stm32.7-2018-q2-update.win32_1.0.0.201904181610/tools/bin/../lib/gcc/arm-none-eabi/7.3.1/../../../../arm-none-eabi/lib/thumb/v7e-m/fpv4-sp/hard\libm.a(lib_a-k_tan.o)
 .ARM.attributes
                0x000000000000078f       0x34 c:/st/stm32cubeide_1.0.2/stm32cubeide/plugins/com.st.stm32cube.ide.mcu.externaltools.gnu-tools-for-stm32.7-2018-q2-update.win32_1.0.0.201904181610/tools/bin/../lib/gcc/arm-none-eabi/7.3.1/../../../../arm-none-eabi/lib/thumb/v7e-m/fpv4-sp/hard\libm.a(lib_a-s_fabs.o)
 .ARM.attributes
                0x00000000000007c3       0x34 c:/st/stm32cubeide_1.0.2/stm32cubeide/plugins/com.st.stm32cube.ide.mcu.externaltools.gnu-tools-for-stm32.7-2018-q2-update.win32_1.0.0.201904181610/tools/bin/../lib/gcc/arm-none-eabi/7.3.1/../../../../arm-none-eabi/lib/thumb/v7e-m/fpv4-sp/hard\libm.a(lib_a-s_finite.o)
 .ARM.attributes
                0x00000000000007f7       0x34 c:/st/stm32cubeide_1.0.2/stm32cubeide/plugins/com.st.stm32cube.ide.mcu.externaltools.gnu-tools-for-stm32.7-2018-q2-update.win32_1.0.0.201904181610/tools/bin/../lib/gcc/arm-none-eabi/7.3.1/../../../../arm-none-eabi/lib/thumb/v7e-m/fpv4-sp/hard\libm.a(lib_a-s_floor.o)
 .ARM.attributes
                0x000000000000082b       0x34 c:/st/stm32cubeide_1.0.2/stm32cubeide/plugins/com.st.stm32cube.ide.mcu.externaltools.gnu-tools-for-stm32.7-2018-q2-update.win32_1.0.0.201904181610/tools/bin/../lib/gcc/arm-none-eabi/7.3.1/../../../../arm-none-eabi/lib/thumb/v7e-m/fpv4-sp/hard\libm.a(lib_a-s_lib_ver.o)
 .ARM.attributes
                0x000000000000085f       0x34 c:/st/stm32cubeide_1.0.2/stm32cubeide/plugins/com.st.stm32cube.ide.mcu.externaltools.gnu-tools-for-stm32.7-2018-q2-update.win32_1.0.0.201904181610/tools/bin/../lib/gcc/arm-none-eabi/7.3.1/../../../../arm-none-eabi/lib/thumb/v7e-m/fpv4-sp/hard\libm.a(lib_a-s_matherr.o)
 .ARM.attributes
                0x0000000000000893       0x34 c:/st/stm32cubeide_1.0.2/stm32cubeide/plugins/com.st.stm32cube.ide.mcu.externaltools.gnu-tools-for-stm32.7-2018-q2-update.win32_1.0.0.201904181610/tools/bin/../lib/gcc/arm-none-eabi/7.3.1/../../../../arm-none-eabi/lib/thumb/v7e-m/fpv4-sp/hard\libm.a(lib_a-s_nan.o)
 .ARM.attributes
                0x00000000000008c7       0x34 c:/st/stm32cubeide_1.0.2/stm32cubeide/plugins/com.st.stm32cube.ide.mcu.externaltools.gnu-tools-for-stm32.7-2018-q2-update.win32_1.0.0.201904181610/tools/bin/../lib/gcc/arm-none-eabi/7.3.1/../../../../arm-none-eabi/lib/thumb/v7e-m/fpv4-sp/hard\libm.a(lib_a-s_rint.o)
 .ARM.attributes
                0x00000000000008fb       0x34 c:/st/stm32cubeide_1.0.2/stm32cubeide/plugins/com.st.stm32cube.ide.mcu.externaltools.gnu-tools-for-stm32.7-2018-q2-update.win32_1.0.0.201904181610/tools/bin/../lib/gcc/arm-none-eabi/7.3.1/../../../../arm-none-eabi/lib/thumb/v7e-m/fpv4-sp/hard\libm.a(lib_a-s_scalbn.o)
 .ARM.attributes
                0x000000000000092f       0x34 c:/st/stm32cubeide_1.0.2/stm32cubeide/plugins/com.st.stm32cube.ide.mcu.externaltools.gnu-tools-for-stm32.7-2018-q2-update.win32_1.0.0.201904181610/tools/bin/../lib/gcc/arm-none-eabi/7.3.1/../../../../arm-none-eabi/lib/thumb/v7e-m/fpv4-sp/hard\libm.a(lib_a-s_copysign.o)
 .ARM.attributes
                0x0000000000000963       0x22 c:/st/stm32cubeide_1.0.2/stm32cubeide/plugins/com.st.stm32cube.ide.mcu.externaltools.gnu-tools-for-stm32.7-2018-q2-update.win32_1.0.0.201904181610/tools/bin/../lib/gcc/arm-none-eabi/7.3.1/thumb/v7e-m/fpv4-sp/hard\libgcc.a(_arm_addsubdf3.o)
 .ARM.attributes
                0x0000000000000985       0x22 c:/st/stm32cubeide_1.0.2/stm32cubeide/plugins/com.st.stm32cube.ide.mcu.externaltools.gnu-tools-for-stm32.7-2018-q2-update.win32_1.0.0.201904181610/tools/bin/../lib/gcc/arm-none-eabi/7.3.1/thumb/v7e-m/fpv4-sp/hard\libgcc.a(_arm_muldivdf3.o)
 .ARM.attributes
                0x00000000000009a7       0x22 c:/st/stm32cubeide_1.0.2/stm32cubeide/plugins/com.st.stm32cube.ide.mcu.externaltools.gnu-tools-for-stm32.7-2018-q2-update.win32_1.0.0.201904181610/tools/bin/../lib/gcc/arm-none-eabi/7.3.1/thumb/v7e-m/fpv4-sp/hard\libgcc.a(_arm_cmpdf2.o)
 .ARM.attributes
                0x00000000000009c9       0x22 c:/st/stm32cubeide_1.0.2/stm32cubeide/plugins/com.st.stm32cube.ide.mcu.externaltools.gnu-tools-for-stm32.7-2018-q2-update.win32_1.0.0.201904181610/tools/bin/../lib/gcc/arm-none-eabi/7.3.1/thumb/v7e-m/fpv4-sp/hard\libgcc.a(_arm_unorddf2.o)
 .ARM.attributes
                0x00000000000009eb       0x22 c:/st/stm32cubeide_1.0.2/stm32cubeide/plugins/com.st.stm32cube.ide.mcu.externaltools.gnu-tools-for-stm32.7-2018-q2-update.win32_1.0.0.201904181610/tools/bin/../lib/gcc/arm-none-eabi/7.3.1/thumb/v7e-m/fpv4-sp/hard\libgcc.a(_arm_fixdfsi.o)
 .ARM.attributes
                0x0000000000000a0d       0x22 c:/st/stm32cubeide_1.0.2/stm32cubeide/plugins/com.st.stm32cube.ide.mcu.externaltools.gnu-tools-for-stm32.7-2018-q2-update.win32_1.0.0.201904181610/tools/bin/../lib/gcc/arm-none-eabi/7.3.1/thumb/v7e-m/fpv4-sp/hard\libgcc.a(_arm_fixunsdfsi.o)
 .ARM.attributes
                0x0000000000000a2f       0x22 c:/st/stm32cubeide_1.0.2/stm32cubeide/plugins/com.st.stm32cube.ide.mcu.externaltools.gnu-tools-for-stm32.7-2018-q2-update.win32_1.0.0.201904181610/tools/bin/../lib/gcc/arm-none-eabi/7.3.1/thumb/v7e-m/fpv4-sp/hard\libgcc.a(_arm_truncdfsf2.o)
 .ARM.attributes
                0x0000000000000a51       0x22 c:/st/stm32cubeide_1.0.2/stm32cubeide/plugins/com.st.stm32cube.ide.mcu.externaltools.gnu-tools-for-stm32.7-2018-q2-update.win32_1.0.0.201904181610/tools/bin/../lib/gcc/arm-none-eabi/7.3.1/thumb/v7e-m/fpv4-sp/hard\libgcc.a(_aeabi_uldivmod.o)
 .ARM.attributes
                0x0000000000000a73       0x34 c:/st/stm32cubeide_1.0.2/stm32cubeide/plugins/com.st.stm32cube.ide.mcu.externaltools.gnu-tools-for-stm32.7-2018-q2-update.win32_1.0.0.201904181610/tools/bin/../lib/gcc/arm-none-eabi/7.3.1/thumb/v7e-m/fpv4-sp/hard\libgcc.a(_udivmoddi4.o)
 .ARM.attributes
                0x0000000000000aa7       0x22 c:/st/stm32cubeide_1.0.2/stm32cubeide/plugins/com.st.stm32cube.ide.mcu.externaltools.gnu-tools-for-stm32.7-2018-q2-update.win32_1.0.0.201904181610/tools/bin/../lib/gcc/arm-none-eabi/7.3.1/thumb/v7e-m/fpv4-sp/hard\libgcc.a(_dvmd_tls.o)
 .ARM.attributes
                0x0000000000000ac9       0x22 c:/st/stm32cubeide_1.0.2/stm32cubeide/plugins/com.st.stm32cube.ide.mcu.externaltools.gnu-tools-for-stm32.7-2018-q2-update.win32_1.0.0.201904181610/tools/bin/../lib/gcc/arm-none-eabi/7.3.1/thumb/v7e-m/fpv4-sp/hard/crtn.o
OUTPUT(stm32_parametric_eq.elf elf32-littlearm)

.debug_info     0x0000000000000000    0x135b6
 .debug_info    0x0000000000000000     0x2766 Core/Src/main.o
 .debug_info    0x0000000000002766     0x1186 Core/Src/myEEPROM.o
 .debug_info    0x00000000000038ec      0xab7 Core/Src/myFilter.o
 .debug_info    0x00000000000043a3      0xb1b Core/Src/myFonts.o
 .debug_info    0x0000000000004ebe      0xe62 Core/Src/myIIR.o
 .debug_info    0x0000000000005d20     0x1aae Core/Src/myOled.o
 .debug_info    0x00000000000077ce      0xc90 Core/Src/mySwitch.o
 .debug_info    0x000000000000845e     0x1a15 Core/Src/stm32f4xx_hal_msp.o
 .debug_info    0x0000000000009e73      0xf0a Core/Src/stm32f4xx_it.o
 .debug_info    0x000000000000ad7d      0x502 Core/Src/system_stm32f4xx.o
 .debug_info    0x000000000000b27f       0x22 Core/Startup/startup_stm32f407vetx.o
 .debug_info    0x000000000000b2a1      0x921 Drivers/STM32F4xx_HAL_Driver/Src/stm32f4xx_hal.o
 .debug_info    0x000000000000bbc2      0xdd6 Drivers/STM32F4xx_HAL_Driver/Src/stm32f4xx_hal_cortex.o
 .debug_info    0x000000000000c998      0x916 Drivers/STM32F4xx_HAL_Driver/Src/stm32f4xx_hal_dma.o
 .debug_info    0x000000000000d2ae      0x763 Drivers/STM32F4xx_HAL_Driver/Src/stm32f4xx_hal_gpio.o
 .debug_info    0x000000000000da11     0x231f Drivers/STM32F4xx_HAL_Driver/Src/stm32f4xx_hal_i2c.o
 .debug_info    0x000000000000fd30      0xd8d Drivers/STM32F4xx_HAL_Driver/Src/stm32f4xx_hal_i2s.o
 .debug_info    0x0000000000010abd      0xb24 Drivers/STM32F4xx_HAL_Driver/Src/stm32f4xx_hal_i2s_ex.o
 .debug_info    0x00000000000115e1      0x8a4 Drivers/STM32F4xx_HAL_Driver/Src/stm32f4xx_hal_rcc.o
 .debug_info    0x0000000000011e85      0x55c Drivers/STM32F4xx_HAL_Driver/Src/stm32f4xx_hal_rcc_ex.o
 .debug_info    0x00000000000123e1     0x11d5 Drivers/STM32F4xx_HAL_Driver/Src/stm32f4xx_hal_uart.o

.debug_abbrev   0x0000000000000000     0x2b52
 .debug_abbrev  0x0000000000000000      0x354 Core/Src/main.o
 .debug_abbrev  0x0000000000000354      0x221 Core/Src/myEEPROM.o
 .debug_abbrev  0x0000000000000575      0x1ef Core/Src/myFilter.o
 .debug_abbrev  0x0000000000000764      0x1e9 Core/Src/myFonts.o
 .debug_abbrev  0x000000000000094d      0x1ef Core/Src/myIIR.o
 .debug_abbrev  0x0000000000000b3c      0x341 Core/Src/myOled.o
 .debug_abbrev  0x0000000000000e7d      0x1fa Core/Src/mySwitch.o
 .debug_abbrev  0x0000000000001077      0x253 Core/Src/stm32f4xx_hal_msp.o
 .debug_abbrev  0x00000000000012ca      0x1ff Core/Src/stm32f4xx_it.o
 .debug_abbrev  0x00000000000014c9      0x111 Core/Src/system_stm32f4xx.o
 .debug_abbrev  0x00000000000015da       0x12 Core/Startup/startup_stm32f407vetx.o
 .debug_abbrev  0x00000000000015ec      0x1cb Drivers/STM32F4xx_HAL_Driver/Src/stm32f4xx_hal.o
 .debug_abbrev  0x00000000000017b7      0x2fa Drivers/STM32F4xx_HAL_Driver/Src/stm32f4xx_hal_cortex.o
 .debug_abbrev  0x0000000000001ab1      0x229 Drivers/STM32F4xx_HAL_Driver/Src/stm32f4xx_hal_dma.o
 .debug_abbrev  0x0000000000001cda      0x1c9 Drivers/STM32F4xx_HAL_Driver/Src/stm32f4xx_hal_gpio.o
 .debug_abbrev  0x0000000000001ea3      0x254 Drivers/STM32F4xx_HAL_Driver/Src/stm32f4xx_hal_i2c.o
 .debug_abbrev  0x00000000000020f7      0x21b Drivers/STM32F4xx_HAL_Driver/Src/stm32f4xx_hal_i2s.o
 .debug_abbrev  0x0000000000002312      0x246 Drivers/STM32F4xx_HAL_Driver/Src/stm32f4xx_hal_i2s_ex.o
 .debug_abbrev  0x0000000000002558      0x245 Drivers/STM32F4xx_HAL_Driver/Src/stm32f4xx_hal_rcc.o
 .debug_abbrev  0x000000000000279d      0x173 Drivers/STM32F4xx_HAL_Driver/Src/stm32f4xx_hal_rcc_ex.o
 .debug_abbrev  0x0000000000002910      0x242 Drivers/STM32F4xx_HAL_Driver/Src/stm32f4xx_hal_uart.o

.debug_aranges  0x0000000000000000      0xdb8
 .debug_aranges
                0x0000000000000000       0xb0 Core/Src/main.o
 .debug_aranges
                0x00000000000000b0       0x48 Core/Src/myEEPROM.o
 .debug_aranges
                0x00000000000000f8       0x28 Core/Src/myFilter.o
 .debug_aranges
                0x0000000000000120       0x20 Core/Src/myFonts.o
 .debug_aranges
                0x0000000000000140       0x28 Core/Src/myIIR.o
 .debug_aranges
                0x0000000000000168      0x120 Core/Src/myOled.o
 .debug_aranges
                0x0000000000000288       0x58 Core/Src/mySwitch.o
 .debug_aranges
                0x00000000000002e0       0x50 Core/Src/stm32f4xx_hal_msp.o
 .debug_aranges
                0x0000000000000330       0x88 Core/Src/stm32f4xx_it.o
 .debug_aranges
                0x00000000000003b8       0x28 Core/Src/system_stm32f4xx.o
 .debug_aranges
                0x00000000000003e0       0x28 Core/Startup/startup_stm32f407vetx.o
 .debug_aranges
                0x0000000000000408       0xf0 Drivers/STM32F4xx_HAL_Driver/Src/stm32f4xx_hal.o
 .debug_aranges
                0x00000000000004f8      0x118 Drivers/STM32F4xx_HAL_Driver/Src/stm32f4xx_hal_cortex.o
 .debug_aranges
                0x0000000000000610       0x90 Drivers/STM32F4xx_HAL_Driver/Src/stm32f4xx_hal_dma.o
 .debug_aranges
                0x00000000000006a0       0x58 Drivers/STM32F4xx_HAL_Driver/Src/stm32f4xx_hal_gpio.o
 .debug_aranges
                0x00000000000006f8      0x290 Drivers/STM32F4xx_HAL_Driver/Src/stm32f4xx_hal_i2c.o
 .debug_aranges
                0x0000000000000988      0x108 Drivers/STM32F4xx_HAL_Driver/Src/stm32f4xx_hal_i2s.o
 .debug_aranges
                0x0000000000000a90       0x88 Drivers/STM32F4xx_HAL_Driver/Src/stm32f4xx_hal_i2s_ex.o
 .debug_aranges
                0x0000000000000b18       0x88 Drivers/STM32F4xx_HAL_Driver/Src/stm32f4xx_hal_rcc.o
 .debug_aranges
                0x0000000000000ba0       0x48 Drivers/STM32F4xx_HAL_Driver/Src/stm32f4xx_hal_rcc_ex.o
 .debug_aranges
                0x0000000000000be8      0x1d0 Drivers/STM32F4xx_HAL_Driver/Src/stm32f4xx_hal_uart.o

.debug_ranges   0x0000000000000000      0xc90
 .debug_ranges  0x0000000000000000       0xa0 Core/Src/main.o
 .debug_ranges  0x00000000000000a0       0x38 Core/Src/myEEPROM.o
 .debug_ranges  0x00000000000000d8       0x18 Core/Src/myFilter.o
 .debug_ranges  0x00000000000000f0       0x10 Core/Src/myFonts.o
 .debug_ranges  0x0000000000000100       0x18 Core/Src/myIIR.o
 .debug_ranges  0x0000000000000118      0x110 Core/Src/myOled.o
 .debug_ranges  0x0000000000000228       0x48 Core/Src/mySwitch.o
 .debug_ranges  0x0000000000000270       0x40 Core/Src/stm32f4xx_hal_msp.o
 .debug_ranges  0x00000000000002b0       0x78 Core/Src/stm32f4xx_it.o
 .debug_ranges  0x0000000000000328       0x18 Core/Src/system_stm32f4xx.o
 .debug_ranges  0x0000000000000340       0x20 Core/Startup/startup_stm32f407vetx.o
 .debug_ranges  0x0000000000000360       0xe0 Drivers/STM32F4xx_HAL_Driver/Src/stm32f4xx_hal.o
 .debug_ranges  0x0000000000000440      0x108 Drivers/STM32F4xx_HAL_Driver/Src/stm32f4xx_hal_cortex.o
 .debug_ranges  0x0000000000000548       0x80 Drivers/STM32F4xx_HAL_Driver/Src/stm32f4xx_hal_dma.o
 .debug_ranges  0x00000000000005c8       0x48 Drivers/STM32F4xx_HAL_Driver/Src/stm32f4xx_hal_gpio.o
 .debug_ranges  0x0000000000000610      0x2a0 Drivers/STM32F4xx_HAL_Driver/Src/stm32f4xx_hal_i2c.o
 .debug_ranges  0x00000000000008b0       0xf8 Drivers/STM32F4xx_HAL_Driver/Src/stm32f4xx_hal_i2s.o
 .debug_ranges  0x00000000000009a8       0x78 Drivers/STM32F4xx_HAL_Driver/Src/stm32f4xx_hal_i2s_ex.o
 .debug_ranges  0x0000000000000a20       0x78 Drivers/STM32F4xx_HAL_Driver/Src/stm32f4xx_hal_rcc.o
 .debug_ranges  0x0000000000000a98       0x38 Drivers/STM32F4xx_HAL_Driver/Src/stm32f4xx_hal_rcc_ex.o
 .debug_ranges  0x0000000000000ad0      0x1c0 Drivers/STM32F4xx_HAL_Driver/Src/stm32f4xx_hal_uart.o

.debug_macro    0x0000000000000000    0x21fe7
 .debug_macro   0x0000000000000000      0x392 Core/Src/main.o
 .debug_macro   0x0000000000000392      0xa5a Core/Src/main.o
 .debug_macro   0x0000000000000dec      0x190 Core/Src/main.o
 .debug_macro   0x0000000000000f7c       0x32 Core/Src/main.o
 .debug_macro   0x0000000000000fae       0x2f Core/Src/main.o
 .debug_macro   0x0000000000000fdd       0x22 Core/Src/main.o
 .debug_macro   0x0000000000000fff       0x8e Core/Src/main.o
 .debug_macro   0x000000000000108d       0x51 Core/Src/main.o
 .debug_macro   0x00000000000010de       0xef Core/Src/main.o
 .debug_macro   0x00000000000011cd       0x6a Core/Src/main.o
 .debug_macro   0x0000000000001237      0x1df Core/Src/main.o
 .debug_macro   0x0000000000001416       0x1c Core/Src/main.o
 .debug_macro   0x0000000000001432       0x22 Core/Src/main.o
 .debug_macro   0x0000000000001454       0xdf Core/Src/main.o
 .debug_macro   0x0000000000001533     0x102d Core/Src/main.o
 .debug_macro   0x0000000000002560      0x11f Core/Src/main.o
 .debug_macro   0x000000000000267f    0x15e43 Core/Src/main.o
 .debug_macro   0x00000000000184c2       0x43 Core/Src/main.o
 .debug_macro   0x0000000000018505     0x35d4 Core/Src/main.o
 .debug_macro   0x000000000001bad9      0x174 Core/Src/main.o
 .debug_macro   0x000000000001bc4d       0x5a Core/Src/main.o
 .debug_macro   0x000000000001bca7      0x96b Core/Src/main.o
 .debug_macro   0x000000000001c612      0x9fe Core/Src/main.o
 .debug_macro   0x000000000001d010       0xed Core/Src/main.o
 .debug_macro   0x000000000001d0fd      0x117 Core/Src/main.o
 .debug_macro   0x000000000001d214      0x13e Core/Src/main.o
 .debug_macro   0x000000000001d352       0x27 Core/Src/main.o
 .debug_macro   0x000000000001d379      0x287 Core/Src/main.o
 .debug_macro   0x000000000001d600       0x5f Core/Src/main.o
 .debug_macro   0x000000000001d65f      0x236 Core/Src/main.o
 .debug_macro   0x000000000001d895      0x12c Core/Src/main.o
 .debug_macro   0x000000000001d9c1      0x21e Core/Src/main.o
 .debug_macro   0x000000000001dbdf       0x2e Core/Src/main.o
 .debug_macro   0x000000000001dc0d      0x1ae Core/Src/main.o
 .debug_macro   0x000000000001ddbb       0xd6 Core/Src/main.o
 .debug_macro   0x000000000001de91      0x199 Core/Src/main.o
 .debug_macro   0x000000000001e02a       0x40 Core/Src/main.o
 .debug_macro   0x000000000001e06a       0x4a Core/Src/main.o