main.c:183:5:main	16	static
main.c:254:6:SystemClock_Config	104	static
main.c:305:13:MX_I2C1_Init	8	static
main.c:339:13:MX_I2C3_Init	8	static
main.c:373:13:MX_I2S2_Init	8	static
main.c:407:13:MX_TIM2_Init	32	static
main.c:452:13:MX_USART1_UART_Init	8	static
main.c:483:13:MX_DMA_Init	16	static
main.c:508:13:MX_GPIO_Init	48	static
main.c:565:6:HAL_I2SEx_TxRxHalfCpltCallback	24	static
main.c:581:6:HAL_I2SEx_TxRxCpltCallback	24	static
main.c:597:6:HAL_TIM_PeriodElapsedCallback	16	static
main.c:630:6:send_init_EQ	32	static
main.c:686:6:send_preset	32	static
main.c:741:6:HAL_UART_RxCpltCallback	80	static
main.c:868:6:saveToEeprom	16	static
main.c:876:6:LoadFromEeprom	32	dynamic
main.c:887:7:I2S_readWord	24	static
main.c:908:6:I2S_writeWord	24	static
main.c:933:6:Calc_Coeff_Filter	8	static
main.c:948:6:Default_Setting	16	static
main.c:981:6:copyPresetTo	32	static
main.c:1005:6:myTask	24	static
main.c:2019:6:Error_Handler	4	static
