main.c:176:5:main	16	static
main.c:243:6:SystemClock_Config	104	static
main.c:294:13:MX_I2C1_Init	8	static
main.c:328:13:MX_I2C3_Init	8	static
main.c:362:13:MX_I2S2_Init	8	static
main.c:396:13:MX_TIM2_Init	32	static
main.c:441:13:MX_USART1_UART_Init	8	static
main.c:472:13:MX_DMA_Init	16	static
main.c:497:13:MX_GPIO_Init	48	static
main.c:554:6:HAL_I2SEx_TxRxHalfCpltCallback	24	static
main.c:570:6:HAL_I2SEx_TxRxCpltCallback	24	static
main.c:586:6:HAL_TIM_PeriodElapsedCallback	16	static
main.c:619:6:send_init_EQ	32	static
main.c:675:6:send_preset	32	static
main.c:724:6:HAL_UART_RxCpltCallback	80	static
main.c:805:6:saveToEeprom	16	static
main.c:813:6:LoadFromEeprom	32	dynamic
main.c:824:7:I2S_readWord	24	static
main.c:845:6:I2S_writeWord	24	static
main.c:870:6:Calc_Coeff_Filter	8	static
main.c:885:6:Default_Setting	16	static
main.c:928:6:myTask	24	static
main.c:1824:6:Error_Handler	4	static
