myOled.c:44:6:SSD1306_ScrollRight	16	static
myOled.c:57:6:SSD1306_ScrollLeft	16	static
myOled.c:70:6:SSD1306_Scrolldiagright	16	static
myOled.c:86:6:SSD1306_Scrolldiagleft	16	static
myOled.c:102:6:SSD1306_Stopscroll	8	static
myOled.c:109:6:SSD1306_InvertDisplay	16	static
myOled.c:118:6:SSD1306_DrawBitmap	32	static
myOled.c:142:9:Display_Init	16	static
myOled.c:209:6:Display_UpdateScreen	16	static
myOled.c:222:6:Display_ToggleInvert	16	static
myOled.c:234:6:Display_Fill	16	static
myOled.c:239:6:Display_DrawPixel	16	static
myOled.c:261:6:Display_GotoXY	16	static
myOled.c:267:6:Display_Putc	32	static
myOled.c:298:6:Display_Puts	24	static
myOled.c:315:6:Display_PutUintDigit	16	static
myOled.c:332:6:Display_PutUint	16	static
myOled.c:344:6:Display_PutInt	16	static
myOled.c:355:6:Display_PutFloatDigit	40	static
myOled.c:373:6:Display_PutFloat	40	static
myOled.c:390:6:Display_DrawLine	40	static
myOled.c:474:6:Display_DrawRectangle	32	static
myOled.c:499:6:Display_DrawFilledRectangle	40	static
myOled.c:526:6:Display_DrawTriangle	32	static
myOled.c:534:6:SSD1306_DrawFilledTriangle	64	static
myOled.c:590:6:Display_DrawCircle	40	static
myOled.c:624:6:Display_DrawFilledCircle	48	static
myOled.c:657:6:Display_Clear	8	static
myOled.c:662:6:SSD1306_ON	8	static
myOled.c:667:6:SSD1306_OFF	8	static
myOled.c:674:6:SSD1306_I2C_Init	16	static
myOled.c:680:6:ssd1306_I2C_WriteMulti	296	static
myOled.c:690:6:ssd1306_I2C_Write	32	static
