myOled.c:44:6:SSD1306_ScrollRight	16	static
myOled.c:57:6:SSD1306_ScrollLeft	16	static
myOled.c:70:6:SSD1306_Scrolldiagright	16	static
myOled.c:86:6:SSD1306_Scrolldiagleft	16	static
myOled.c:102:6:SSD1306_Stopscroll	8	static
myOled.c:109:6:SSD1306_InvertDisplay	16	static
myOled.c:118:6:SSD1306_DrawBitmap	32	static
myOled.c:142:9:Display_Init	16	static
myOled.c:208:6:Display_UpdateScreen	16	static
myOled.c:221:6:Display_ToggleInvert	16	static
myOled.c:233:6:Display_Fill	16	static
myOled.c:238:6:Display_DrawPixel	16	static
myOled.c:260:6:Display_GotoXY	16	static
myOled.c:266:6:Display_Putc	32	static
myOled.c:297:6:Display_Puts	24	static
myOled.c:314:6:Display_Float	32	static
myOled.c:334:6:Display_Angka3u	16	static
myOled.c:340:6:Display_DrawLine	40	static
myOled.c:424:6:Display_DrawRectangle	32	static
myOled.c:449:6:Display_DrawFilledRectangle	40	static
myOled.c:476:6:Display_DrawTriangle	32	static
myOled.c:484:6:SSD1306_DrawFilledTriangle	64	static
myOled.c:540:6:Display_DrawCircle	40	static
myOled.c:574:6:Display_DrawFilledCircle	48	static
myOled.c:607:6:Display_Clear	8	static
myOled.c:612:6:SSD1306_ON	8	static
myOled.c:617:6:SSD1306_OFF	8	static
myOled.c:624:6:SSD1306_I2C_Init	16	static
myOled.c:630:6:ssd1306_I2C_WriteMulti	296	static
myOled.c:640:6:ssd1306_I2C_Write	32	static
